Component: ARM Compiler 5.06 update 6 (build 750) Tool: armlink [4d35ed]

==============================================================================

Section Cross References

    startup_stm32f10x_md.o(RESET) refers to startup_stm32f10x_md.o(STACK) for __initial_sp
    startup_stm32f10x_md.o(RESET) refers to startup_stm32f10x_md.o(.text) for Reset_Handler
    startup_stm32f10x_md.o(RESET) refers to stm32f10x_it.o(i.NMI_Handler) for NMI_Handler
    startup_stm32f10x_md.o(RESET) refers to stm32f10x_it.o(i.HardFault_Handler) for HardFault_Handler
    startup_stm32f10x_md.o(RESET) refers to stm32f10x_it.o(i.MemManage_Handler) for MemManage_Handler
    startup_stm32f10x_md.o(RESET) refers to stm32f10x_it.o(i.BusFault_Handler) for BusFault_Handler
    startup_stm32f10x_md.o(RESET) refers to stm32f10x_it.o(i.UsageFault_Handler) for UsageFault_Handler
    startup_stm32f10x_md.o(RESET) refers to stm32f10x_it.o(i.SVC_Handler) for SVC_Handler
    startup_stm32f10x_md.o(RESET) refers to stm32f10x_it.o(i.DebugMon_Handler) for DebugMon_Handler
    startup_stm32f10x_md.o(RESET) refers to stm32f10x_it.o(i.PendSV_Handler) for PendSV_Handler
    startup_stm32f10x_md.o(RESET) refers to main.o(i.SysTick_Handler) for SysTick_Handler
    startup_stm32f10x_md.o(RESET) refers to stm32f10x_it.o(i.ADC1_2_IRQHandler) for ADC1_2_IRQHandler
    startup_stm32f10x_md.o(RESET) refers to stm32_uart1.o(i.USART1_IRQHandler) for USART1_IRQHandler
    startup_stm32f10x_md.o(RESET) refers to stm32_uart2.o(i.USART2_IRQHandler) for USART2_IRQHandler
    startup_stm32f10x_md.o(RESET) refers to stm32_uart3.o(i.USART3_IRQHandler) for USART3_IRQHandler
    startup_stm32f10x_md.o(.text) refers to system_stm32f10x.o(i.SystemInit) for SystemInit
    startup_stm32f10x_md.o(.text) refers to entry.o(.ARM.Collect$$$$00000000) for __main
    system_stm32f10x.o(i.SetSysClock) refers to system_stm32f10x.o(i.SetSysClockTo72) for SetSysClockTo72
    system_stm32f10x.o(i.SystemCoreClockUpdate) refers to system_stm32f10x.o(.data) for SystemCoreClock
    system_stm32f10x.o(i.SystemInit) refers to system_stm32f10x.o(i.SetSysClock) for SetSysClock
    stm32f10x_adc.o(i.ADC_DeInit) refers to stm32f10x_rcc.o(i.RCC_APB2PeriphResetCmd) for RCC_APB2PeriphResetCmd
    stm32f10x_bkp.o(i.BKP_DeInit) refers to stm32f10x_rcc.o(i.RCC_BackupResetCmd) for RCC_BackupResetCmd
    stm32f10x_can.o(i.CAN_DeInit) refers to stm32f10x_rcc.o(i.RCC_APB1PeriphResetCmd) for RCC_APB1PeriphResetCmd
    stm32f10x_can.o(i.CAN_GetITStatus) refers to stm32f10x_can.o(i.CheckITStatus) for CheckITStatus
    stm32f10x_cec.o(i.CEC_DeInit) refers to stm32f10x_rcc.o(i.RCC_APB1PeriphResetCmd) for RCC_APB1PeriphResetCmd
    stm32f10x_dac.o(i.DAC_DeInit) refers to stm32f10x_rcc.o(i.RCC_APB1PeriphResetCmd) for RCC_APB1PeriphResetCmd
    stm32f10x_flash.o(i.FLASH_EnableWriteProtection) refers to stm32f10x_flash.o(i.FLASH_WaitForLastOperation) for FLASH_WaitForLastOperation
    stm32f10x_flash.o(i.FLASH_EraseAllBank1Pages) refers to stm32f10x_flash.o(i.FLASH_WaitForLastBank1Operation) for FLASH_WaitForLastBank1Operation
    stm32f10x_flash.o(i.FLASH_EraseAllPages) refers to stm32f10x_flash.o(i.FLASH_WaitForLastOperation) for FLASH_WaitForLastOperation
    stm32f10x_flash.o(i.FLASH_EraseOptionBytes) refers to stm32f10x_flash.o(i.FLASH_GetReadOutProtectionStatus) for FLASH_GetReadOutProtectionStatus
    stm32f10x_flash.o(i.FLASH_EraseOptionBytes) refers to stm32f10x_flash.o(i.FLASH_WaitForLastOperation) for FLASH_WaitForLastOperation
    stm32f10x_flash.o(i.FLASH_ErasePage) refers to stm32f10x_flash.o(i.FLASH_WaitForLastOperation) for FLASH_WaitForLastOperation
    stm32f10x_flash.o(i.FLASH_ProgramHalfWord) refers to stm32f10x_flash.o(i.FLASH_WaitForLastOperation) for FLASH_WaitForLastOperation
    stm32f10x_flash.o(i.FLASH_ProgramOptionByteData) refers to stm32f10x_flash.o(i.FLASH_WaitForLastOperation) for FLASH_WaitForLastOperation
    stm32f10x_flash.o(i.FLASH_ProgramWord) refers to stm32f10x_flash.o(i.FLASH_WaitForLastOperation) for FLASH_WaitForLastOperation
    stm32f10x_flash.o(i.FLASH_ReadOutProtection) refers to stm32f10x_flash.o(i.FLASH_WaitForLastOperation) for FLASH_WaitForLastOperation
    stm32f10x_flash.o(i.FLASH_UserOptionByteConfig) refers to stm32f10x_flash.o(i.FLASH_WaitForLastOperation) for FLASH_WaitForLastOperation
    stm32f10x_flash.o(i.FLASH_WaitForLastBank1Operation) refers to stm32f10x_flash.o(i.FLASH_GetBank1Status) for FLASH_GetBank1Status
    stm32f10x_flash.o(i.FLASH_WaitForLastOperation) refers to stm32f10x_flash.o(i.FLASH_GetBank1Status) for FLASH_GetBank1Status
    stm32f10x_gpio.o(i.GPIO_AFIODeInit) refers to stm32f10x_rcc.o(i.RCC_APB2PeriphResetCmd) for RCC_APB2PeriphResetCmd
    stm32f10x_gpio.o(i.GPIO_DeInit) refers to stm32f10x_rcc.o(i.RCC_APB2PeriphResetCmd) for RCC_APB2PeriphResetCmd
    stm32f10x_i2c.o(i.I2C_DeInit) refers to stm32f10x_rcc.o(i.RCC_APB1PeriphResetCmd) for RCC_APB1PeriphResetCmd
[...]
    Removing stm32f10x_crc.o(i.CRC_ResetDR), (12 bytes).
    Removing stm32f10x_crc.o(i.CRC_SetIDRegister), (12 bytes).
    Removing stm32f10x_dac.o(i.DAC_Cmd), (40 bytes).
    Removing stm32f10x_dac.o(i.DAC_DMACmd), (44 bytes).
    Removing stm32f10x_dac.o(i.DAC_DeInit), (22 bytes).
    Removing stm32f10x_dac.o(i.DAC_DualSoftwareTriggerCmd), (36 bytes).
    Removing stm32f10x_dac.o(i.DAC_GetDataOutputValue), (36 bytes).
    Removing stm32f10x_dac.o(i.DAC_Init), (52 bytes).
    Removing stm32f10x_dac.o(i.DAC_SetChannel1Data), (32 bytes).
    Removing stm32f10x_dac.o(i.DAC_SetChannel2Data), (32 bytes).
    Removing stm32f10x_dac.o(i.DAC_SetDualChannelData), (36 bytes).
    Removing stm32f10x_dac.o(i.DAC_SoftwareTriggerCmd), (44 bytes).
    Removing stm32f10x_dac.o(i.DAC_StructInit), (12 bytes).
    Removing stm32f10x_dac.o(i.DAC_WaveGenerationCmd), (40 bytes).
    Removing stm32f10x_dbgmcu.o(i.DBGMCU_Config), (32 bytes).
    Removing stm32f10x_dbgmcu.o(i.DBGMCU_GetDEVID), (16 bytes).
    Removing stm32f10x_dbgmcu.o(i.DBGMCU_GetREVID), (12 bytes).
    Removing stm32f10x_dma.o(i.DMA_ClearFlag), (28 bytes).
    Removing stm32f10x_dma.o(i.DMA_ClearITPendingBit), (28 bytes).
    Removing stm32f10x_dma.o(i.DMA_Cmd), (24 bytes).
    Removing stm32f10x_dma.o(i.DMA_DeInit), (332 bytes).
    Removing stm32f10x_dma.o(i.DMA_GetCurrDataCounter), (8 bytes).
    Removing stm32f10x_dma.o(i.DMA_GetFlagStatus), (44 bytes).
    Removing stm32f10x_dma.o(i.DMA_GetITStatus), (44 bytes).
    Removing stm32f10x_dma.o(i.DMA_ITConfig), (18 bytes).
    Removing stm32f10x_dma.o(i.DMA_SetCurrDataCounter), (4 bytes).
    Removing stm32f10x_dma.o(i.DMA_StructInit), (26 bytes).
    Removing stm32f10x_exti.o(i.EXTI_ClearFlag), (12 bytes).
    Removing stm32f10x_exti.o(i.EXTI_ClearITPendingBit), (12 bytes).
    Removing stm32f10x_exti.o(i.EXTI_DeInit), (36 bytes).
    Removing stm32f10x_exti.o(i.EXTI_GenerateSWInterrupt), (16 bytes).
    Removing stm32f10x_exti.o(i.EXTI_GetFlagStatus), (24 bytes).
    Removing stm32f10x_exti.o(i.EXTI_GetITStatus), (40 bytes).
    Removing stm32f10x_exti.o(i.EXTI_Init), (148 bytes).
    Removing stm32f10x_exti.o(i.EXTI_StructInit), (16 bytes).
    Removing stm32f10x_flash.o(i.FLASH_ClearFlag), (12 bytes).
    Removing stm32f10x_flash.o(i.FLASH_EnableWriteProtection), (196 bytes).
    Removing stm32f10x_flash.o(i.FLASH_EraseAllBank1Pages), (72 bytes).
    Removing stm32f10x_flash.o(i.FLASH_EraseAllPages), (72 bytes).
    Removing stm32f10x_flash.o(i.FLASH_EraseOptionBytes), (168 bytes).
    Removing stm32f10x_flash.o(i.FLASH_ErasePage), (76 bytes).
    Removing stm32f10x_flash.o(i.FLASH_GetBank1Status), (52 bytes).
    Removing stm32f10x_flash.o(i.FLASH_GetFlagStatus), (48 bytes).
    Removing stm32f10x_flash.o(i.FLASH_GetPrefetchBufferStatus), (24 bytes).
    Removing stm32f10x_flash.o(i.FLASH_GetReadOutProtectionStatus), (24 bytes).
    Removing stm32f10x_flash.o(i.FLASH_GetStatus), (52 bytes).
    Removing stm32f10x_flash.o(i.FLASH_GetUserOptionByte), (12 bytes).
    Removing stm32f10x_flash.o(i.FLASH_GetWriteProtectionOptionByte), (12 bytes).
    Removing stm32f10x_flash.o(i.FLASH_HalfCycleAccessCmd), (28 bytes).
    Removing stm32f10x_flash.o(i.FLASH_ITConfig), (32 bytes).
    Removing stm32f10x_flash.o(i.FLASH_Lock), (20 bytes).
    Removing stm32f10x_flash.o(i.FLASH_LockBank1), (20 bytes).
    Removing stm32f10x_flash.o(i.FLASH_PrefetchBufferCmd), (28 bytes).
    Removing stm32f10x_flash.o(i.FLASH_ProgramHalfWord), (64 bytes).
    Removing stm32f10x_flash.o(i.FLASH_ProgramOptionByteData), (84 bytes).
    Removing stm32f10x_flash.o(i.FLASH_ProgramWord), (108 bytes).
    Removing stm32f10x_flash.o(i.FLASH_ReadOutProtection), (172 bytes).
    Removing stm32f10x_flash.o(i.FLASH_SetLatency), (24 bytes).
    Removing stm32f10x_flash.o(i.FLASH_Unlock), (24 bytes).
    Removing stm32f10x_flash.o(i.FLASH_UnlockBank1), (24 bytes).
    Removing stm32f10x_flash.o(i.FLASH_UserOptionByteConfig), (104 bytes).
    Removing stm32f10x_flash.o(i.FLASH_WaitForLastBank1Operation), (38 bytes).
    Removing stm32f10x_flash.o(i.FLASH_WaitForLastOperation), (38 bytes).
    Removing stm32f10x_fsmc.o(i.FSMC_ClearFlag), (64 bytes).
    Removing stm32f10x_fsmc.o(i.FSMC_ClearITPendingBit), (72 bytes).
    Removing stm32f10x_fsmc.o(i.FSMC_GetECC), (28 bytes).
    Removing stm32f10x_fsmc.o(i.FSMC_GetFlagStatus), (56 bytes).
    Removing stm32f10x_fsmc.o(i.FSMC_GetITStatus), (68 bytes).
    Removing stm32f10x_fsmc.o(i.FSMC_ITConfig), (128 bytes).
    Removing stm32f10x_fsmc.o(i.FSMC_NANDCmd), (92 bytes).
    Removing stm32f10x_fsmc.o(i.FSMC_NANDDeInit), (68 bytes).
    Removing stm32f10x_fsmc.o(i.FSMC_NANDECCCmd), (92 bytes).
    Removing stm32f10x_fsmc.o(i.FSMC_NANDInit), (136 bytes).
    Removing stm32f10x_fsmc.o(i.FSMC_NANDStructInit), (54 bytes).
    Removing stm32f10x_fsmc.o(i.FSMC_NORSRAMCmd), (52 bytes).
    Removing stm32f10x_fsmc.o(i.FSMC_NORSRAMDeInit), (54 bytes).
    Removing stm32f10x_fsmc.o(i.FSMC_NORSRAMInit), (230 bytes).
    Removing stm32f10x_fsmc.o(i.FSMC_NORSRAMStructInit), (114 bytes).
    Removing stm32f10x_fsmc.o(i.FSMC_PCCARDCmd), (48 bytes).
    Removing stm32f10x_fsmc.o(i.FSMC_PCCARDDeInit), (40 bytes).
    Removing stm32f10x_fsmc.o(i.FSMC_PCCARDInit), (132 bytes).
    Removing stm32f10x_fsmc.o(i.FSMC_PCCARDStructInit), (60 bytes).
    Removing stm32f10x_gpio.o(i.GPIO_AFIODeInit), (20 bytes).
    Removing stm32f10x_gpio.o(i.GPIO_DeInit), (200 bytes).
    Removing stm32f10x_gpio.o(i.GPIO_ETH_MediaInterfaceConfig), (12 bytes).
    Removing stm32f10x_gpio.o(i.GPIO_EXTILineConfig), (64 bytes).
    Removing stm32f10x_gpio.o(i.GPIO_EventOutputCmd), (12 bytes).
    Removing stm32f10x_gpio.o(i.GPIO_EventOutputConfig), (32 bytes).
    Removing stm32f10x_gpio.o(i.GPIO_PinLockConfig), (18 bytes).
    Removing stm32f10x_gpio.o(i.GPIO_PinRemapConfig), (144 bytes).
    Removing stm32f10x_gpio.o(i.GPIO_ReadInputData), (8 bytes).
    Removing stm32f10x_gpio.o(i.GPIO_ReadInputDataBit), (18 bytes).
    Removing stm32f10x_gpio.o(i.GPIO_ReadOutputData), (8 bytes).
    Removing stm32f10x_gpio.o(i.GPIO_ReadOutputDataBit), (18 bytes).
    Removing stm32f10x_gpio.o(i.GPIO_ResetBits), (4 bytes).
    Removing stm32f10x_gpio.o(i.GPIO_SetBits), (4 bytes).
    Removing stm32f10x_gpio.o(i.GPIO_StructInit), (16 bytes).
    Removing stm32f10x_gpio.o(i.GPIO_Write), (4 bytes).
    Removing stm32f10x_gpio.o(i.GPIO_WriteBit), (10 bytes).
    Removing stm32f10x_i2c.o(i.I2C_ARPCmd), (24 bytes).
    Removing stm32f10x_i2c.o(i.I2C_AcknowledgeConfig), (24 bytes).
    Removing stm32f10x_i2c.o(i.I2C_CalculatePEC), (24 bytes).
    Removing stm32f10x_i2c.o(i.I2C_CheckEvent), (42 bytes).
    Removing stm32f10x_i2c.o(i.I2C_ClearFlag), (12 bytes).
    Removing stm32f10x_i2c.o(i.I2C_ClearITPendingBit), (12 bytes).
    Removing stm32f10x_i2c.o(i.I2C_Cmd), (24 bytes).
    Removing stm32f10x_i2c.o(i.I2C_DMACmd), (24 bytes).
    Removing stm32f10x_i2c.o(i.I2C_DMALastTransferCmd), (24 bytes).
    Removing stm32f10x_i2c.o(i.I2C_DeInit), (56 bytes).
    Removing stm32f10x_i2c.o(i.I2C_DualAddressCmd), (24 bytes).
    Removing stm32f10x_i2c.o(i.I2C_FastModeDutyCycleConfig), (28 bytes).
    Removing stm32f10x_i2c.o(i.I2C_GeneralCallCmd), (24 bytes).
    Removing stm32f10x_i2c.o(i.I2C_GenerateSTART), (24 bytes).
    Removing stm32f10x_i2c.o(i.I2C_GenerateSTOP), (24 bytes).
    Removing stm32f10x_i2c.o(i.I2C_GetFlagStatus), (58 bytes).
    Removing stm32f10x_i2c.o(i.I2C_GetITStatus), (38 bytes).
    Removing stm32f10x_i2c.o(i.I2C_GetLastEvent), (26 bytes).
    Removing stm32f10x_i2c.o(i.I2C_GetPEC), (8 bytes).
    Removing stm32f10x_i2c.o(i.I2C_ITConfig), (18 bytes).
    Removing stm32f10x_i2c.o(i.I2C_Init), (236 bytes).
    Removing stm32f10x_i2c.o(i.I2C_NACKPositionConfig), (28 bytes).
    Removing stm32f10x_i2c.o(i.I2C_OwnAddress2Config), (22 bytes).
    Removing stm32f10x_i2c.o(i.I2C_PECPositionConfig), (28 bytes).
    Removing stm32f10x_i2c.o(i.I2C_ReadRegister), (22 bytes).
    Removing stm32f10x_i2c.o(i.I2C_ReceiveData), (8 bytes).
    Removing stm32f10x_i2c.o(i.I2C_SMBusAlertConfig), (28 bytes).
    Removing stm32f10x_i2c.o(i.I2C_Send7bitAddress), (18 bytes).
    Removing stm32f10x_i2c.o(i.I2C_SendData), (4 bytes).
    Removing stm32f10x_i2c.o(i.I2C_SoftwareResetCmd), (22 bytes).
    Removing stm32f10x_i2c.o(i.I2C_StretchClockCmd), (24 bytes).
    Removing stm32f10x_i2c.o(i.I2C_StructInit), (30 bytes).
    Removing stm32f10x_i2c.o(i.I2C_TransmitPEC), (24 bytes).
    Removing stm32f10x_iwdg.o(i.IWDG_Enable), (16 bytes).
    Removing stm32f10x_iwdg.o(i.IWDG_GetFlagStatus), (24 bytes).
    Removing stm32f10x_iwdg.o(i.IWDG_ReloadCounter), (16 bytes).
    Removing stm32f10x_iwdg.o(i.IWDG_SetPrescaler), (12 bytes).
    Removing stm32f10x_iwdg.o(i.IWDG_SetReload), (12 bytes).
    Removing stm32f10x_iwdg.o(i.IWDG_WriteAccessCmd), (12 bytes).
    Removing stm32f10x_pwr.o(i.PWR_BackupAccessCmd), (12 bytes).
    Removing stm32f10x_pwr.o(i.PWR_ClearFlag), (20 bytes).
    Removing stm32f10x_pwr.o(i.PWR_DeInit), (22 bytes).
    Removing stm32f10x_pwr.o(i.PWR_EnterSTANDBYMode), (52 bytes).
    Removing stm32f10x_pwr.o(i.PWR_EnterSTOPMode), (64 bytes).
    Removing stm32f10x_pwr.o(i.PWR_GetFlagStatus), (24 bytes).
    Removing stm32f10x_pwr.o(i.PWR_PVDCmd), (12 bytes).
    Removing stm32f10x_pwr.o(i.PWR_PVDLevelConfig), (24 bytes).
    Removing stm32f10x_pwr.o(i.PWR_WakeUpPinCmd), (12 bytes).
    Removing stm32f10x_rcc.o(i.RCC_ADCCLKConfig), (24 bytes).
    Removing stm32f10x_rcc.o(i.RCC_APB1PeriphResetCmd), (32 bytes).
    Removing stm32f10x_rcc.o(i.RCC_APB2PeriphResetCmd), (32 bytes).
    Removing stm32f10x_rcc.o(i.RCC_AdjustHSICalibrationValue), (24 bytes).
    Removing stm32f10x_rcc.o(i.RCC_BackupResetCmd), (12 bytes).
    Removing stm32f10x_rcc.o(i.RCC_ClearFlag), (20 bytes).
    Removing stm32f10x_rcc.o(i.RCC_ClearITPendingBit), (12 bytes).
    Removing stm32f10x_rcc.o(i.RCC_ClockSecuritySystemCmd), (12 bytes).
    Removing stm32f10x_rcc.o(i.RCC_DeInit), (76 bytes).
    Removing stm32f10x_rcc.o(i.RCC_GetFlagStatus), (60 bytes).
    Removing stm32f10x_rcc.o(i.RCC_GetITStatus), (24 bytes).
    Removing stm32f10x_rcc.o(i.RCC_GetSYSCLKSource), (16 bytes).
    Removing stm32f10x_rcc.o(i.RCC_HCLKConfig), (24 bytes).
    Removing stm32f10x_rcc.o(i.RCC_HSEConfig), (76 bytes).
    Removing stm32f10x_rcc.o(i.RCC_HSICmd), (12 bytes).
    Removing stm32f10x_rcc.o(i.RCC_ITConfig), (32 bytes).
    Removing stm32f10x_rcc.o(i.RCC_LSEConfig), (52 bytes).
    Removing stm32f10x_rcc.o(i.RCC_LSICmd), (12 bytes).
    Removing stm32f10x_rcc.o(i.RCC_MCOConfig), (12 bytes).
    Removing stm32f10x_rcc.o(i.RCC_PCLK1Config), (24 bytes).
    Removing stm32f10x_rcc.o(i.RCC_PCLK2Config), (24 bytes).
    Removing stm32f10x_rcc.o(i.RCC_PLLCmd), (12 bytes).
    Removing stm32f10x_rcc.o(i.RCC_PLLConfig), (28 bytes).
    Removing stm32f10x_rcc.o(i.RCC_RTCCLKCmd), (12 bytes).
    Removing stm32f10x_rcc.o(i.RCC_RTCCLKConfig), (16 bytes).
    Removing stm32f10x_rcc.o(i.RCC_SYSCLKConfig), (24 bytes).
    Removing stm32f10x_rcc.o(i.RCC_USBCLKConfig), (12 bytes).
    Removing stm32f10x_rcc.o(i.RCC_WaitForHSEStartUp), (56 bytes).
    Removing stm32f10x_rtc.o(i.RTC_ClearFlag), (16 bytes).
    Removing stm32f10x_rtc.o(i.RTC_ClearITPendingBit), (16 bytes).
    Removing stm32f10x_rtc.o(i.RTC_EnterConfigMode), (20 bytes).
    Removing stm32f10x_rtc.o(i.RTC_ExitConfigMode), (20 bytes).
    Removing stm32f10x_rtc.o(i.RTC_GetCounter), (20 bytes).
    Removing stm32f10x_rtc.o(i.RTC_GetDivider), (24 bytes).
    Removing stm32f10x_rtc.o(i.RTC_GetFlagStatus), (24 bytes).
    Removing stm32f10x_rtc.o(i.RTC_GetITStatus), (36 bytes).
    Removing stm32f10x_rtc.o(i.RTC_ITConfig), (32 bytes).
    Removing stm32f10x_rtc.o(i.RTC_SetAlarm), (28 bytes).
    Removing stm32f10x_rtc.o(i.RTC_SetCounter), (28 bytes).
    Removing stm32f10x_rtc.o(i.RTC_SetPrescaler), (32 bytes).
    Removing stm32f10x_rtc.o(i.RTC_WaitForLastTask), (20 bytes).
    Removing stm32f10x_rtc.o(i.RTC_WaitForSynchro), (36 bytes).
    Removing stm32f10x_sdio.o(i.SDIO_CEATAITCmd), (16 bytes).
    Removing stm32f10x_sdio.o(i.SDIO_ClearFlag), (12 bytes).
    Removing stm32f10x_sdio.o(i.SDIO_ClearITPendingBit), (12 bytes).
    Removing stm32f10x_sdio.o(i.SDIO_ClockCmd), (12 bytes).
    Removing stm32f10x_sdio.o(i.SDIO_CmdStructInit), (14 bytes).
    Removing stm32f10x_sdio.o(i.SDIO_CommandCompletionCmd), (12 bytes).
    Removing stm32f10x_sdio.o(i.SDIO_DMACmd), (12 bytes).
    Removing stm32f10x_sdio.o(i.SDIO_DataConfig), (48 bytes).
    Removing stm32f10x_sdio.o(i.SDIO_DataStructInit), (20 bytes).
    Removing stm32f10x_sdio.o(i.SDIO_DeInit), (36 bytes).
    Removing stm32f10x_sdio.o(i.SDIO_GetCommandResponse), (12 bytes).
    Removing stm32f10x_sdio.o(i.SDIO_GetDataCounter), (12 bytes).
    Removing stm32f10x_sdio.o(i.SDIO_GetFIFOCount), (12 bytes).
    Removing stm32f10x_sdio.o(i.SDIO_GetFlagStatus), (24 bytes).
    Removing stm32f10x_sdio.o(i.SDIO_GetITStatus), (24 bytes).
    Removing stm32f10x_sdio.o(i.SDIO_GetPowerState), (16 bytes).
    Removing stm32f10x_sdio.o(i.SDIO_GetResponse), (24 bytes).
    Removing stm32f10x_sdio.o(i.SDIO_ITConfig), (32 bytes).
    Removing stm32f10x_sdio.o(i.SDIO_Init), (48 bytes).
    Removing stm32f10x_sdio.o(i.SDIO_ReadData), (12 bytes).
    Removing stm32f10x_sdio.o(i.SDIO_SendCEATACmd), (12 bytes).
    Removing stm32f10x_sdio.o(i.SDIO_SendCommand), (44 bytes).
    Removing stm32f10x_sdio.o(i.SDIO_SendSDIOSuspendCmd), (12 bytes).
    Removing stm32f10x_sdio.o(i.SDIO_SetPowerState), (28 bytes).
    Removing stm32f10x_sdio.o(i.SDIO_SetSDIOOperation), (12 bytes).
    Removing stm32f10x_sdio.o(i.SDIO_SetSDIOReadWaitMode), (12 bytes).
    Removing stm32f10x_sdio.o(i.SDIO_StartSDIOReadWait), (12 bytes).
    Removing stm32f10x_sdio.o(i.SDIO_StopSDIOReadWait), (12 bytes).
    Removing stm32f10x_sdio.o(i.SDIO_StructInit), (16 bytes).
    Removing stm32f10x_sdio.o(i.SDIO_WriteData), (12 bytes).
    Removing stm32f10x_spi.o(i.I2S_Cmd), (24 bytes).
    Removing stm32f10x_spi.o(i.I2S_Init), (232 bytes).
    Removing stm32f10x_spi.o(i.I2S_StructInit), (20 bytes).
    Removing stm32f10x_spi.o(i.SPI_BiDirectionalLineConfig), (28 bytes).
    Removing stm32f10x_spi.o(i.SPI_CalculateCRC), (24 bytes).
    Removing stm32f10x_spi.o(i.SPI_Cmd), (24 bytes).
    Removing stm32f10x_spi.o(i.SPI_DataSizeConfig), (18 bytes).
    Removing stm32f10x_spi.o(i.SPI_GetCRC), (16 bytes).
    Removing stm32f10x_spi.o(i.SPI_GetCRCPolynomial), (6 bytes).
    Removing stm32f10x_spi.o(i.SPI_I2S_ClearFlag), (6 bytes).
    Removing stm32f10x_spi.o(i.SPI_I2S_ClearITPendingBit), (20 bytes).
    Removing stm32f10x_spi.o(i.SPI_I2S_DMACmd), (18 bytes).
    Removing stm32f10x_spi.o(i.SPI_I2S_DeInit), (88 bytes).
    Removing stm32f10x_spi.o(i.SPI_I2S_GetFlagStatus), (18 bytes).
    Removing stm32f10x_spi.o(i.SPI_I2S_GetITStatus), (52 bytes).
    Removing stm32f10x_spi.o(i.SPI_I2S_ITConfig), (32 bytes).
    Removing stm32f10x_spi.o(i.SPI_I2S_ReceiveData), (6 bytes).
    Removing stm32f10x_spi.o(i.SPI_I2S_SendData), (4 bytes).
    Removing stm32f10x_spi.o(i.SPI_Init), (60 bytes).
    Removing stm32f10x_spi.o(i.SPI_NSSInternalSoftwareConfig), (30 bytes).
    Removing stm32f10x_spi.o(i.SPI_SSOutputCmd), (24 bytes).
    Removing stm32f10x_spi.o(i.SPI_StructInit), (24 bytes).
    Removing stm32f10x_spi.o(i.SPI_TransmitCRC), (10 bytes).
    Removing stm32f10x_tim.o(i.TI1_Config), (128 bytes).
    Removing stm32f10x_tim.o(i.TI2_Config), (152 bytes).
    Removing stm32f10x_tim.o(i.TI3_Config), (144 bytes).
    Removing stm32f10x_tim.o(i.TI4_Config), (152 bytes).
    Removing stm32f10x_tim.o(i.TIM_ARRPreloadConfig), (24 bytes).
    Removing stm32f10x_tim.o(i.TIM_BDTRConfig), (32 bytes).
    Removing stm32f10x_tim.o(i.TIM_BDTRStructInit), (18 bytes).
    Removing stm32f10x_tim.o(i.TIM_CCPreloadControl), (24 bytes).
    Removing stm32f10x_tim.o(i.TIM_CCxCmd), (30 bytes).
    Removing stm32f10x_tim.o(i.TIM_CCxNCmd), (30 bytes).
    Removing stm32f10x_tim.o(i.TIM_ClearFlag), (6 bytes).
    Removing stm32f10x_tim.o(i.TIM_ClearITPendingBit), (6 bytes).
    Removing stm32f10x_tim.o(i.TIM_ClearOC1Ref), (18 bytes).
    Removing stm32f10x_tim.o(i.TIM_ClearOC2Ref), (24 bytes).
    Removing stm32f10x_tim.o(i.TIM_ClearOC3Ref), (18 bytes).
    Removing stm32f10x_tim.o(i.TIM_ClearOC4Ref), (24 bytes).
    Removing stm32f10x_tim.o(i.TIM_Cmd), (24 bytes).
    Removing stm32f10x_tim.o(i.TIM_CounterModeConfig), (18 bytes).
    Removing stm32f10x_tim.o(i.TIM_CtrlPWMOutputs), (30 bytes).
    Removing stm32f10x_tim.o(i.TIM_DMACmd), (18 bytes).
    Removing stm32f10x_tim.o(i.TIM_DMAConfig), (10 bytes).
    Removing stm32f10x_tim.o(i.TIM_DeInit), (488 bytes).
    Removing stm32f10x_tim.o(i.TIM_ETRClockMode1Config), (54 bytes).
    Removing stm32f10x_tim.o(i.TIM_ETRClockMode2Config), (32 bytes).
    Removing stm32f10x_tim.o(i.TIM_ETRConfig), (28 bytes).
    Removing stm32f10x_tim.o(i.TIM_EncoderInterfaceConfig), (66 bytes).
    Removing stm32f10x_tim.o(i.TIM_ForcedOC1Config), (18 bytes).
    Removing stm32f10x_tim.o(i.TIM_ForcedOC2Config), (26 bytes).
    Removing stm32f10x_tim.o(i.TIM_ForcedOC3Config), (18 bytes).
    Removing stm32f10x_tim.o(i.TIM_ForcedOC4Config), (26 bytes).
    Removing stm32f10x_tim.o(i.TIM_GenerateEvent), (4 bytes).
    Removing stm32f10x_tim.o(i.TIM_GetCapture1), (6 bytes).
    Removing stm32f10x_tim.o(i.TIM_GetCapture2), (6 bytes).
    Removing stm32f10x_tim.o(i.TIM_GetCapture3), (6 bytes).
    Removing stm32f10x_tim.o(i.TIM_GetCapture4), (8 bytes).
    Removing stm32f10x_tim.o(i.TIM_GetCounter), (6 bytes).
    Removing stm32f10x_tim.o(i.TIM_GetFlagStatus), (18 bytes).
    Removing stm32f10x_tim.o(i.TIM_GetITStatus), (34 bytes).
    Removing stm32f10x_tim.o(i.TIM_GetPrescaler), (6 bytes).
    Removing stm32f10x_tim.o(i.TIM_ICInit), (172 bytes).
    Removing stm32f10x_tim.o(i.TIM_ICStructInit), (18 bytes).
    Removing stm32f10x_tim.o(i.TIM_ITConfig), (18 bytes).
    Removing stm32f10x_tim.o(i.TIM_ITRxExternalClockConfig), (24 bytes).
    Removing stm32f10x_tim.o(i.TIM_InternalClockConfig), (12 bytes).
    Removing stm32f10x_tim.o(i.TIM_OC1FastConfig), (18 bytes).
    Removing stm32f10x_tim.o(i.TIM_OC1Init), (152 bytes).
    Removing stm32f10x_tim.o(i.TIM_OC1NPolarityConfig), (18 bytes).
    Removing stm32f10x_tim.o(i.TIM_OC1PolarityConfig), (18 bytes).
    Removing stm32f10x_tim.o(i.TIM_OC1PreloadConfig), (18 bytes).
    Removing stm32f10x_tim.o(i.TIM_OC2FastConfig), (26 bytes).
    Removing stm32f10x_tim.o(i.TIM_OC2Init), (164 bytes).
    Removing stm32f10x_tim.o(i.TIM_OC2NPolarityConfig), (26 bytes).
    Removing stm32f10x_tim.o(i.TIM_OC2PolarityConfig), (26 bytes).
    Removing stm32f10x_tim.o(i.TIM_OC2PreloadConfig), (26 bytes).
    Removing stm32f10x_tim.o(i.TIM_OC3FastConfig), (18 bytes).
    Removing stm32f10x_tim.o(i.TIM_OC3Init), (160 bytes).
    Removing stm32f10x_tim.o(i.TIM_OC3NPolarityConfig), (26 bytes).
    Removing stm32f10x_tim.o(i.TIM_OC3PolarityConfig), (26 bytes).
    Removing stm32f10x_tim.o(i.TIM_OC3PreloadConfig), (18 bytes).
    Removing stm32f10x_tim.o(i.TIM_OC4FastConfig), (26 bytes).
    Removing stm32f10x_tim.o(i.TIM_OC4Init), (124 bytes).
    Removing stm32f10x_tim.o(i.TIM_OC4PolarityConfig), (26 bytes).
    Removing stm32f10x_tim.o(i.TIM_OC4PreloadConfig), (26 bytes).
    Removing stm32f10x_tim.o(i.TIM_OCStructInit), (20 bytes).
    Removing stm32f10x_tim.o(i.TIM_PWMIConfig), (124 bytes).
    Removing stm32f10x_tim.o(i.TIM_PrescalerConfig), (6 bytes).
    Removing stm32f10x_tim.o(i.TIM_SelectCCDMA), (24 bytes).
    Removing stm32f10x_tim.o(i.TIM_SelectCOM), (24 bytes).
    Removing stm32f10x_tim.o(i.TIM_SelectHallSensor), (24 bytes).
    Removing stm32f10x_tim.o(i.TIM_SelectInputTrigger), (18 bytes).
    Removing stm32f10x_tim.o(i.TIM_SelectMasterSlaveMode), (18 bytes).
    Removing stm32f10x_tim.o(i.TIM_SelectOCxM), (82 bytes).
    Removing stm32f10x_tim.o(i.TIM_SelectOnePulseMode), (18 bytes).
    Removing stm32f10x_tim.o(i.TIM_SelectOutputTrigger), (18 bytes).
    Removing stm32f10x_tim.o(i.TIM_SelectSlaveMode), (18 bytes).
    Removing stm32f10x_tim.o(i.TIM_SetAutoreload), (4 bytes).
    Removing stm32f10x_tim.o(i.TIM_SetClockDivision), (18 bytes).
    Removing stm32f10x_tim.o(i.TIM_SetCompare1), (4 bytes).
    Removing stm32f10x_tim.o(i.TIM_SetCompare2), (4 bytes).
    Removing stm32f10x_tim.o(i.TIM_SetCompare3), (4 bytes).
    Removing stm32f10x_tim.o(i.TIM_SetCompare4), (6 bytes).
    Removing stm32f10x_tim.o(i.TIM_SetCounter), (4 bytes).
    Removing stm32f10x_tim.o(i.TIM_SetIC1Prescaler), (18 bytes).
    Removing stm32f10x_tim.o(i.TIM_SetIC2Prescaler), (26 bytes).
    Removing stm32f10x_tim.o(i.TIM_SetIC3Prescaler), (18 bytes).
    Removing stm32f10x_tim.o(i.TIM_SetIC4Prescaler), (26 bytes).
    Removing stm32f10x_tim.o(i.TIM_TIxExternalClockConfig), (62 bytes).
    Removing stm32f10x_tim.o(i.TIM_TimeBaseInit), (164 bytes).
    Removing stm32f10x_tim.o(i.TIM_TimeBaseStructInit), (18 bytes).
    Removing stm32f10x_tim.o(i.TIM_UpdateDisableConfig), (24 bytes).
    Removing stm32f10x_tim.o(i.TIM_UpdateRequestConfig), (24 bytes).
    Removing stm32f10x_usart.o(i.USART_ClearFlag), (18 bytes).
    Removing stm32f10x_usart.o(i.USART_ClockInit), (34 bytes).
    Removing stm32f10x_usart.o(i.USART_ClockStructInit), (12 bytes).
    Removing stm32f10x_usart.o(i.USART_DMACmd), (18 bytes).
    Removing stm32f10x_usart.o(i.USART_DeInit), (156 bytes).
    Removing stm32f10x_usart.o(i.USART_GetFlagStatus), (26 bytes).
    Removing stm32f10x_usart.o(i.USART_HalfDuplexCmd), (24 bytes).
    Removing stm32f10x_usart.o(i.USART_IrDACmd), (24 bytes).
    Removing stm32f10x_usart.o(i.USART_IrDAConfig), (18 bytes).
    Removing stm32f10x_usart.o(i.USART_LINBreakDetectLengthConfig), (18 bytes).
    Removing stm32f10x_usart.o(i.USART_LINCmd), (24 bytes).
    Removing stm32f10x_usart.o(i.USART_OneBitMethodCmd), (24 bytes).
    Removing stm32f10x_usart.o(i.USART_OverSampling8Cmd), (22 bytes).
    Removing stm32f10x_usart.o(i.USART_ReceiveData), (10 bytes).
    Removing stm32f10x_usart.o(i.USART_ReceiverWakeUpCmd), (24 bytes).
    Removing stm32f10x_usart.o(i.USART_SendBreak), (10 bytes).
    Removing stm32f10x_usart.o(i.USART_SendData), (8 bytes).
    Removing stm32f10x_usart.o(i.USART_SetAddress), (18 bytes).
    Removing stm32f10x_usart.o(i.USART_SetGuardTime), (16 bytes).
    Removing stm32f10x_usart.o(i.USART_SetPrescaler), (16 bytes).
    Removing stm32f10x_usart.o(i.USART_SmartCardCmd), (24 bytes).
    Removing stm32f10x_usart.o(i.USART_SmartCardNACKCmd), (24 bytes).
    Removing stm32f10x_usart.o(i.USART_StructInit), (24 bytes).
    Removing stm32f10x_usart.o(i.USART_WakeUpConfig), (18 bytes).
    Removing stm32f10x_wwdg.o(i.WWDG_ClearFlag), (12 bytes).
    Removing stm32f10x_wwdg.o(i.WWDG_DeInit), (22 bytes).
    Removing stm32f10x_wwdg.o(i.WWDG_Enable), (16 bytes).
    Removing stm32f10x_wwdg.o(i.WWDG_EnableIT), (12 bytes).
    Removing stm32f10x_wwdg.o(i.WWDG_GetFlagStatus), (12 bytes).
    Removing stm32f10x_wwdg.o(i.WWDG_SetCounter), (16 bytes).
    Removing stm32f10x_wwdg.o(i.WWDG_SetPrescaler), (24 bytes).
    Removing stm32f10x_wwdg.o(i.WWDG_SetWindowValue), (40 bytes).
    Removing main.o(i.Get_Systick), (12 bytes).
    Removing msgmanage.o(i.Cmd_Reviver), (24 bytes).
    Removing msgmanage.o(i.MsgInBuf), (56 bytes).
    Removing msgmanage.o(i.MsgManage_Init), (32 bytes).
    Removing msgmanage.o(i.MsgManage_Task), (48 bytes).
    Removing msgmanage.o(i.MsgOutBuf), (64 bytes).
    Removing msgmanage.o(i.MsgRead), (20 bytes).
    Removing msgmanage.o(i.MsgRevice_Task), (384 bytes).
    Removing msgmanage.o(i.MsgSend), (24 bytes).
    Removing msgmanage.o(i.MsgSend_Task), (48 bytes).
    Removing msgmanage.o(i.MsgSendtoBus), (132 bytes).
    Removing msgmanage.o(.bss), (5146 bytes).
    Removing msgmanage.o(.data), (27 bytes).
    Removing button_read.o(i.Button_Read_Init), (120 bytes).
    Removing rc522.o(i.PcdAuthState), (86 bytes).
    Removing rc522.o(i.PcdHalt), (52 bytes).
    Removing rc522.o(i.PcdRead), (86 bytes).
    Removing rc522.o(i.PcdWrite), (150 bytes).
    Removing rc522.o(i.PutNum), (8 bytes).
    Removing rc522.o(i.ReadData), (74 bytes).
    Removing rc522.o(i.SPI2_ReadWriteByte), (12 bytes).
    Removing rc522.o(i.ShowID), (172 bytes).
    Removing rc522.o(i.Store), (2 bytes).
    Removing rc522.o(i.WriteData), (74 bytes).
    Removing rc522.o(i.power), (22 bytes).
    Removing rc522.o(.bss), (16 bytes).
    Removing yh_clibrary.o(i.YHMemoryClear), (22 bytes).
    Removing yh_clibrary.o(i.YHMemoryCmp), (32 bytes).
    Removing stm32_uart3.o(i.STM32_U3_CLOSE), (46 bytes).
    Removing stm32_uart3.o(i.STM32_U3_OPEN), (224 bytes).
    Removing stm32_uart3.o(i.STM32_U3_Read), (24 bytes).
    Removing stm32_uart3.o(i.STM32_U3_Write), (132 bytes).
    Removing stm32_uart3.o(i.STM32_UART3_DMA_Init), (80 bytes).
    Removing stm32_uart2.o(i.STM32_U2_CLOSE), (46 bytes).
    Removing stm32_uart2.o(.data), (4 bytes).
    Removing stm32_uart1.o(i.STM32_U1_CLOSE), (46 bytes).
    Removing stm32_uart1.o(i.STM32_U1_Read), (24 bytes).
    Removing stm32_uart1.o(i.STM32_U1_Switch), (30 bytes).
    Removing esp8266.o(.bss), (75 bytes).
    Removing dadd.o(.text), (334 bytes).
    Removing dmul.o(.text), (228 bytes).
    Removing ddiv.o(.text), (222 bytes).
    Removing dfixul.o(.text), (48 bytes).
    Removing cdrcmple.o(.text), (48 bytes).
    Removing depilogue.o(.text), (186 bytes).

506 unused section(s) (total 28948 bytes) removed from the image.

==============================================================================

Image Symbol Table

    Local Symbols

    Symbol Name                              Value     Ov Type        Size  Object(Section)

    ../clib/../cmprslib/zerorunl2.c          0x00000000   Number         0  __dczerorl2.o ABSOLUTE
    ../clib/microlib/division.c              0x00000000   Number         0  uldiv.o ABSOLUTE
    ../clib/microlib/division.c              0x00000000   Number         0  uidiv.o ABSOLUTE
    ../clib/microlib/init/entry.s            0x00000000   Number         0  entry7a.o ABSOLUTE
    ../clib/microlib/init/entry.s            0x00000000   Number         0  entry8b.o ABSOLUTE
    ../clib/microlib/init/entry.s            0x00000000   Number         0  entry7b.o ABSOLUTE
    ../clib/microlib/init/entry.s            0x00000000   Number         0  entry2.o ABSOLUTE
    ../clib/microlib/init/entry.s            0x00000000   Number         0  entry5.o ABSOLUTE
    ../clib/microlib/init/entry.s            0x00000000   Number         0  entry9b.o ABSOLUTE
    ../clib/microlib/init/entry.s            0x00000000   Number         0  entry.o ABSOLUTE
    ../clib/microlib/init/entry.s            0x00000000   Number         0  entry11b.o ABSOLUTE
    ../clib/microlib/init/entry.s            0x00000000   Number         0  entry8a.o ABSOLUTE
    ../clib/microlib/init/entry.s            0x00000000   Number         0  entry11a.o ABSOLUTE
    ../clib/microlib/init/entry.s            0x00000000   Number         0  entry10b.o ABSOLUTE
    ../clib/microlib/init/entry.s            0x00000000   Number         0  entry10a.o ABSOLUTE
    ../clib/microlib/init/entry.s            0x00000000   Number         0  entry9a.o ABSOLUTE
    ../clib/microlib/longlong.c              0x00000000   Number         0  llushr.o ABSOLUTE
    ../clib/microlib/longlong.c              0x00000000   Number         0  llshl.o ABSOLUTE
    ../clib/microlib/longlong.c              0x00000000   Number         0  llsshr.o ABSOLUTE
    ../clib/microlib/printf/printf.c         0x00000000   Number         0  printf1.o ABSOLUTE
    ../clib/microlib/printf/printf.c         0x00000000   Number         0  printf7.o ABSOLUTE
    ../clib/microlib/printf/printf.c         0x00000000   Number         0  printf6.o ABSOLUTE
    ../clib/microlib/printf/printf.c         0x00000000   Number         0  printfa.o ABSOLUTE
    ../clib/microlib/printf/printf.c         0x00000000   Number         0  printfb.o ABSOLUTE
    ../clib/microlib/printf/printf.c         0x00000000   Number         0  printf8.o ABSOLUTE
    ../clib/microlib/printf/printf.c         0x00000000   Number         0  printf0.o ABSOLUTE
    ../clib/microlib/printf/printf.c         0x00000000   Number         0  printf3.o ABSOLUTE
    ../clib/microlib/printf/printf.c         0x00000000   Number         0  printf4.o ABSOLUTE
    ../clib/microlib/printf/printf.c         0x00000000   Number         0  printf5.o ABSOLUTE
    ../clib/microlib/printf/printf.c         0x00000000   Number         0  printf2.o ABSOLUTE
    ../clib/microlib/printf/stubs.s          0x00000000   Number         0  stubs.o ABSOLUTE
    ../clib/microlib/stdio/streams.c         0x00000000   Number         0  stdout.o ABSOLUTE
    ../clib/microlib/stdlib/rand.c           0x00000000   Number         0  rand.o ABSOLUTE
    ../clib/microlib/string/memset.c         0x00000000   Number         0  memseta.o ABSOLUTE
    ../clib/microlib/string/strlen.c         0x00000000   Number         0  strlen.o ABSOLUTE
    ../clib/microlib/string/strstr.c         0x00000000   Number         0  strstr.o ABSOLUTE
    ../clib/microlib/stubs.s                 0x00000000   Number         0  iusefp.o ABSOLUTE
    ../fplib/microlib/fpadd.c                0x00000000   Number         0  dadd.o ABSOLUTE
    ../fplib/microlib/fpdiv.c                0x00000000   Number         0  ddiv.o ABSOLUTE
    ../fplib/microlib/fpepilogue.c           0x00000000   Number         0  depilogue.o ABSOLUTE
    ../fplib/microlib/fpfix.c                0x00000000   Number         0  dfixul.o ABSOLUTE
    ../fplib/microlib/fpmul.c                0x00000000   Number         0  dmul.o ABSOLUTE
    Source\Libraries\CMSIS\CM3\CoreSupport\core_cm3.c 0x00000000   Number         0  core_cm3.o ABSOLUTE
    Source\Libraries\CMSIS\CM3\DeviceSupport\ST\STM32F10x\startup\arm\startup_stm32f10x_md.s 0x00000000   Number         0  startup_stm32f10x_md.o ABSOLUTE
    Source\Libraries\CMSIS\CM3\DeviceSupport\ST\STM32F10x\system_stm32f10x.c 0x00000000   Number         0  system_stm32f10x.o ABSOLUTE
    Source\Libraries\STM32F10x_StdPeriph_Driver\src\misc.c 0x00000000   Number         0  misc.o ABSOLUTE
    Source\Libraries\STM32F10x_StdPeriph_Driver\src\stm32f10x_adc.c 0x00000000   Number         0  stm32f10x_adc.o ABSOLUTE
    Source\Libraries\STM32F10x_StdPeriph_Driver\src\stm32f10x_bkp.c 0x00000000   Number         0  stm32f10x_bkp.o ABSOLUTE
    Source\Libraries\STM32F10x_StdPeriph_Driver\src\stm32f10x_can.c 0x00000000   Number         0  stm32f10x_can.o ABSOLUTE
    Source\Libraries\STM32F10x_StdPeriph_Driver\src\stm32f10x_cec.c 0x00000000   Number         0  stm32f10x_cec.o ABSOLUTE
    Source\Libraries\STM32F10x_StdPeriph_Driver\src\stm32f10x_crc.c 0x00000000   Number         0  stm32f10x_crc.o ABSOLUTE
    Source\Libraries\STM32F10x_StdPeriph_Driver\src\stm32f10x_dac.c 0x00000000   Number         0  stm32f10x_dac.o ABSOLUTE
    Source\Libraries\STM32F10x_StdPeriph_Driver\src\stm32f10x_dbgmcu.c 0x00000000   Number         0  stm32f10x_dbgmcu.o ABSOLUTE
    Source\Libraries\STM32F10x_StdPeriph_Driver\src\stm32f10x_dma.c 0x00000000   Number         0  stm32f10x_dma.o ABSOLUTE
    Source\Libraries\STM32F10x_StdPeriph_Driver\src\stm32f10x_exti.c 0x00000000   Number         0  stm32f10x_exti.o ABSOLUTE
    Source\Libraries\STM32F10x_StdPeriph_Driver\src\stm32f10x_flash.c 0x00000000   Number         0  stm32f10x_flash.o ABSOLUTE
    Source\Libraries\STM32F10x_StdPeriph_Driver\src\stm32f10x_fsmc.c 0x00000000   Number         0  stm32f10x_fsmc.o ABSOLUTE
    Source\Libraries\STM32F10x_StdPeriph_Driver\src\stm32f10x_gpio.c 0x00000000   Number         0  stm32f10x_gpio.o ABSOLUTE
    Source\Libraries\STM32F10x_StdPeriph_Driver\src\stm32f10x_i2c.c 0x00000000   Number         0  stm32f10x_i2c.o ABSOLUTE
    Source\Libraries\STM32F10x_StdPeriph_Driver\src\stm32f10x_iwdg.c 0x00000000   Number         0  stm32f10x_iwdg.o ABSOLUTE
    Source\Libraries\STM32F10x_StdPeriph_Driver\src\stm32f10x_pwr.c 0x00000000   Number         0  stm32f10x_pwr.o ABSOLUTE
    Source\Libraries\STM32F10x_StdPeriph_Driver\src\stm32f10x_rcc.c 0x00000000   Number         0  stm32f10x_rcc.o ABSOLUTE
    Source\Libraries\STM32F10x_StdPeriph_Driver\src\stm32f10x_rtc.c 0x00000000   Number         0  stm32f10x_rtc.o ABSOLUTE
    Source\Libraries\STM32F10x_StdPeriph_Driver\src\stm32f10x_sdio.c 0x00000000   Number         0  stm32f10x_sdio.o ABSOLUTE
    Source\Libraries\STM32F10x_StdPeriph_Driver\src\stm32f10x_spi.c 0x00000000   Number         0  stm32f10x_spi.o ABSOLUTE
    Source\Libraries\STM32F10x_StdPeriph_Driver\src\stm32f10x_tim.c 0x00000000   Number         0  stm32f10x_tim.o ABSOLUTE
    Source\Libraries\STM32F10x_StdPeriph_Driver\src\stm32f10x_usart.c 0x00000000   Number         0  stm32f10x_usart.o ABSOLUTE
    Source\Libraries\STM32F10x_StdPeriph_Driver\src\stm32f10x_wwdg.c 0x00000000   Number         0  stm32f10x_wwdg.o ABSOLUTE
    Source\MsgManage\MsgManage.c             0x00000000   Number         0  msgmanage.o ABSOLUTE
    Source\RFID\rc522.c                      0x00000000   Number         0  rc522.o ABSOLUTE
    Source\STM32_UART\STM32_UART1.c          0x00000000   Number         0  stm32_uart1.o ABSOLUTE
    Source\STM32_UART\STM32_UART2.c          0x00000000   Number         0  stm32_uart2.o ABSOLUTE
    Source\STM32_UART\STM32_UART3.c          0x00000000   Number         0  stm32_uart3.o ABSOLUTE
    Source\STM32_delay\STM32_delay.c         0x00000000   Number         0  stm32_delay.o ABSOLUTE
    Source\System\Button_Read.c              0x00000000   Number         0  button_read.o ABSOLUTE
    Source\System\LogicRun.c                 0x00000000   Number         0  logicrun.o ABSOLUTE
    Source\System\main.c                     0x00000000   Number         0  main.o ABSOLUTE
    Source\System\stm32f10x_it.c             0x00000000   Number         0  stm32f10x_it.o ABSOLUTE
    Source\YH_Clib\YH_Clibrary.c             0x00000000   Number         0  yh_clibrary.o ABSOLUTE
    Source\YH_Clib\YH_Queue.c                0x00000000   Number         0  yh_queue.o ABSOLUTE
    Source\\Libraries\\CMSIS\\CM3\\CoreSupport\\core_cm3.c 0x00000000   Number         0  core_cm3.o ABSOLUTE
    Source\esp\Esp8266.c                     0x00000000   Number         0  esp8266.o ABSOLUTE
    cdrcmple.s                               0x00000000   Number         0  cdrcmple.o ABSOLUTE
    dc.s                                     0x00000000   Number         0  dc.o ABSOLUTE
    handlers.s                               0x00000000   Number         0  handlers.o ABSOLUTE
    init.s                                   0x00000000   Number         0  init.o ABSOLUTE
    RESET                                    0x08000000   Section      236  startup_stm32f10x_md.o(RESET)
    .ARM.Collect$$$$00000000                 0x080000ec   Section        0  entry.o(.ARM.Collect$$$$00000000)
    .ARM.Collect$$$$00000001                 0x080000ec   Section        4  entry2.o(.ARM.Collect$$$$00000001)
    .ARM.Collect$$$$00000004                 0x080000f0   Section        4  entry5.o(.ARM.Collect$$$$00000004)
    .ARM.Collect$$$$00000008                 0x080000f4   Section        0  entry7b.o(.ARM.Collect$$$$00000008)
    .ARM.Collect$$$$0000000A                 0x080000f4   Section        0  entry8b.o(.ARM.Collect$$$$0000000A)
    .ARM.Collect$$$$0000000B                 0x080000f4   Section        8  entry9a.o(.ARM.Collect$$$$0000000B)
    .ARM.Collect$$$$0000000D                 0x080000fc   Section        0  entry10a.o(.ARM.Collect$$$$0000000D)
    .ARM.Collect$$$$0000000F                 0x080000fc   Section        0  entry11a.o(.ARM.Collect$$$$0000000F)
    .ARM.Collect$$$$00002712                 0x080000fc   Section        4  entry2.o(.ARM.Collect$$$$00002712)
    __lit__00000000                          0x080000fc   Data           4  entry2.o(.ARM.Collect$$$$00002712)
    .text                                    0x08000100   Section       36  startup_stm32f10x_md.o(.text)
    .text                                    0x08000124   Section        0  rand.o(.text)
    .text                                    0x08000148   Section        0  memseta.o(.text)
    .text                                    0x0800016c   Section        0  strstr.o(.text)
    .text                                    0x08000190   Section        0  strlen.o(.text)
    .text                                    0x0800019e   Section        0  uldiv.o(.text)
    .text                                    0x08000200   Section       36  init.o(.text)
    .text                                    0x08000224   Section        0  llshl.o(.text)
    .text                                    0x08000242   Section        0  llushr.o(.text)
    .text                                    0x08000262   Section        0  __dczerorl2.o(.text)
    i.ADC1_2_IRQHandler                      0x080002b8   Section        0  stm32f10x_it.o(i.ADC1_2_IRQHandler)
    i.ADC_GetConversionValue                 0x080002d0   Section        0  stm32f10x_adc.o(i.ADC_GetConversionValue)
    i.BusFault_Handler                       0x080002d8   Section        0  stm32f10x_it.o(i.BusFault_Handler)
    i.Button_Read_Task                       0x080002dc   Section        0  button_read.o(i.Button_Read_Task)
    i.CalulateCRC                            0x08000340   Section        0  rc522.o(i.CalulateCRC)
    i.ClearBitMask                           0x080003ac   Section        0  rc522.o(i.ClearBitMask)
    i.Control_Delay_Task                     0x080003c8   Section        0  esp8266.o(i.Control_Delay_Task)
    i.DMA_Init                               0x0800048c   Section        0  stm32f10x_dma.o(i.DMA_Init)
    i.DebugMon_Handler                       0x080004c8   Section        0  stm32f10x_it.o(i.DebugMon_Handler)
    i.GPIO_Init                              0x080004ca   Section        0  stm32f10x_gpio.o(i.GPIO_Init)
    i.HardFault_Handler                      0x080005e0   Section        0  stm32f10x_it.o(i.HardFault_Handler)
    i.InitRc522                              0x080005e4   Section        0  rc522.o(i.InitRc522)
    i.KeyRecognition                         0x08000608   Section        0  button_read.o(i.KeyRecognition)
    i.KeyTimeClear                           0x080006fc   Section        0  button_read.o(i.KeyTimeClear)
    i.LogicCheck_Task                        0x08000718   Section        0  logicrun.o(i.LogicCheck_Task)
    i.LogicRunNormal_Task                    0x0800076c   Section        0  logicrun.o(i.LogicRunNormal_Task)
    i.LogicRun_Set                           0x080007c4   Section        0  logicrun.o(i.LogicRun_Set)
    i.LogicRun_Task                          0x080007d4   Section        0  logicrun.o(i.LogicRun_Task)
    i.M500PcdConfigISOType                   0x08000808   Section        0  rc522.o(i.M500PcdConfigISOType)
    i.MemManage_Handler                      0x08000866   Section        0  stm32f10x_it.o(i.MemManage_Handler)
    i.NMI_Handler                            0x0800086a   Section        0  stm32f10x_it.o(i.NMI_Handler)
    i.NVIC_Init                              0x0800086c   Section        0  misc.o(i.NVIC_Init)
    i.NVIC_PriorityGroupConfig               0x080008dc   Section        0  misc.o(i.NVIC_PriorityGroupConfig)
    i.PcdAntennaOff                          0x080008f0   Section        0  rc522.o(i.PcdAntennaOff)
    i.PcdAntennaOn                           0x080008fc   Section        0  rc522.o(i.PcdAntennaOn)
    i.PcdAnticoll                            0x08000916   Section        0  rc522.o(i.PcdAnticoll)
    i.PcdComMF522                            0x08000986   Section        0  rc522.o(i.PcdComMF522)
    i.PcdRequest                             0x08000aca   Section        0  rc522.o(i.PcdRequest)
    i.PcdReset                               0x08000b28   Section        0  rc522.o(i.PcdReset)
    i.PcdSelect                              0x08000ba4   Section        0  rc522.o(i.PcdSelect)
    i.PendSV_Handler                         0x08000c18   Section        0  stm32f10x_it.o(i.PendSV_Handler)
    i.RC522_Handel                           0x08000c1c   Section        0  rc522.o(i.RC522_Handel)
    i.RCC_AHBPeriphClockCmd                  0x08000cc4   Section        0  stm32f10x_rcc.o(i.RCC_AHBPeriphClockCmd)
    i.RCC_APB1PeriphClockCmd                 0x08000ce4   Section        0  stm32f10x_rcc.o(i.RCC_APB1PeriphClockCmd)
    i.RCC_APB2PeriphClockCmd                 0x08000d04   Section        0  stm32f10x_rcc.o(i.RCC_APB2PeriphClockCmd)
    i.RCC_GetClocksFreq                      0x08000d24   Section        0  stm32f10x_rcc.o(i.RCC_GetClocksFreq)
    i.Rc522_Task                             0x08000df8   Section        0  rc522.o(i.Rc522_Task)
    i.ReadRawRC                              0x08000e14   Section        0  rc522.o(i.ReadRawRC)
    i.Reset_RC522                            0x08000e54   Section        0  rc522.o(i.Reset_RC522)
    i.SPI1_Exchange_Byte                     0x08000e6c   Section        0  rc522.o(i.SPI1_Exchange_Byte)
    i.SPI2_Init                              0x08000eb4   Section        0  rc522.o(i.SPI2_Init)
    i.SPIWriteByte                           0x08000f1c   Section        0  rc522.o(i.SPIWriteByte)
    i.STA_CLOSED_Task                        0x08000f28   Section        0  esp8266.o(i.STA_CLOSED_Task)
    i.STM32_U1_OPEN                          0x08000f40   Section        0  stm32_uart1.o(i.STM32_U1_OPEN)
    i.STM32_U1_Write                         0x08001068   Section        0  stm32_uart1.o(i.STM32_U1_Write)
    i.STM32_U2_OPEN                          0x080010ec   Section        0  stm32_uart2.o(i.STM32_U2_OPEN)
    i.STM32_U2_Read                          0x080011cc   Section        0  stm32_uart2.o(i.STM32_U2_Read)
    i.STM32_U2_Write                         0x080011e4   Section        0  stm32_uart2.o(i.STM32_U2_Write)
    i.STM32_UART1_DMA_Init                   0x08001274   Section        0  stm32_uart1.o(i.STM32_UART1_DMA_Init)
    STM32_UART1_DMA_Init                     0x08001275   Thumb Code    68  stm32_uart1.o(i.STM32_UART1_DMA_Init)
    i.STM32_UART2_DMA_Init                   0x080012c4   Section        0  stm32_uart2.o(i.STM32_UART2_DMA_Init)
    STM32_UART2_DMA_Init                     0x080012c5   Thumb Code    68  stm32_uart2.o(i.STM32_UART2_DMA_Init)
    i.SVC_Handler                            0x08001314   Section        0  stm32f10x_it.o(i.SVC_Handler)
    i.Send_data_task                         0x08001318   Section        0  esp8266.o(i.Send_data_task)
    i.SetBitMask                             0x0800137c   Section        0  rc522.o(i.SetBitMask)
    i.SetSysClock                            0x08001398   Section        0  system_stm32f10x.o(i.SetSysClock)
    SetSysClock                              0x08001399   Thumb Code     8  system_stm32f10x.o(i.SetSysClock)
    i.SetSysClockTo72                        0x080013a0   Section        0  system_stm32f10x.o(i.SetSysClockTo72)
    SetSysClockTo72                          0x080013a1   Thumb Code   214  system_stm32f10x.o(i.SetSysClockTo72)
    i.SysTick_Handler                        0x08001480   Section        0  main.o(i.SysTick_Handler)
    i.SystemInit                             0x080014ac   Section        0  system_stm32f10x.o(i.SystemInit)
    i.System_Init                            0x0800150c   Section        0  main.o(i.System_Init)
    i.USART1_IRQHandler                      0x080015d0   Section        0  stm32_uart1.o(i.USART1_IRQHandler)
    i.USART2_IRQHandler                      0x08001608   Section        0  stm32_uart2.o(i.USART2_IRQHandler)
    i.USART3_IRQHandler                      0x08001674   Section        0  stm32_uart3.o(i.USART3_IRQHandler)
    i.USART_ClearITPendingBit                0x080016dc   Section        0  stm32f10x_usart.o(i.USART_ClearITPendingBit)
    i.USART_Cmd                              0x080016fa   Section        0  stm32f10x_usart.o(i.USART_Cmd)
    i.USART_GetITStatus                      0x08001712   Section        0  stm32f10x_usart.o(i.USART_GetITStatus)
    i.USART_ITConfig                         0x08001766   Section        0  stm32f10x_usart.o(i.USART_ITConfig)
    i.USART_Init                             0x080017b0   Section        0  stm32f10x_usart.o(i.USART_Init)
    i.UsageFault_Handler                     0x08001888   Section        0  stm32f10x_it.o(i.UsageFault_Handler)
    i.WriteRawRC                             0x0800188c   Section        0  rc522.o(i.WriteRawRC)
    i.YHMemoryCopy                           0x080018bc   Section        0  yh_clibrary.o(i.YHMemoryCopy)
    i.YH_Queue8_Creat                        0x080018d0   Section        0  yh_queue.o(i.YH_Queue8_Creat)
    i.YH_Queue8_In                           0x080018e6   Section        0  yh_queue.o(i.YH_Queue8_In)
    i.YH_Queue8_Out                          0x08001916   Section        0  yh_queue.o(i.YH_Queue8_Out)
    i.__0printf$8                            0x08001948   Section        0  printf8.o(i.__0printf$8)
    i.__0sprintf$8                           0x08001968   Section        0  printf8.o(i.__0sprintf$8)
    i.__scatterload_copy                     0x08001990   Section       14  handlers.o(i.__scatterload_copy)
    i.__scatterload_null                     0x0800199e   Section        2  handlers.o(i.__scatterload_null)
    i.__scatterload_zeroinit                 0x080019a0   Section       14  handlers.o(i.__scatterload_zeroinit)
    i._printf_core                           0x080019b0   Section        0  printf8.o(i._printf_core)
    _printf_core                             0x080019b1   Thumb Code   996  printf8.o(i._printf_core)
    i._printf_post_padding                   0x08001dc0   Section        0  printf8.o(i._printf_post_padding)
    _printf_post_padding                     0x08001dc1   Thumb Code    36  printf8.o(i._printf_post_padding)
    i._printf_pre_padding                    0x08001de4   Section        0  printf8.o(i._printf_pre_padding)
    _printf_pre_padding                      0x08001de5   Thumb Code    46  printf8.o(i._printf_pre_padding)
    i._sputc                                 0x08001e12   Section        0  printf8.o(i._sputc)
    _sputc                                   0x08001e13   Thumb Code    10  printf8.o(i._sputc)
    i.delay_ms                               0x08001e1c   Section        0  stm32_delay.o(i.delay_ms)
    i.delay_ns                               0x08001e30   Section        0  rc522.o(i.delay_ns)
    i.delay_us                               0x08001e42   Section        0  stm32_delay.o(i.delay_us)
    i.esp8266_init                           0x08001ee0   Section        0  esp8266.o(i.esp8266_init)
    i.fputc                                  0x08001f54   Section        0  main.o(i.fputc)
    i.main                                   0x08001f6c   Section        0  main.o(i.main)
    .constdata                               0x08001f9c   Section        6  button_read.o(.constdata)
    .data                                    0x20000000   Section       20  system_stm32f10x.o(.data)
    .data                                    0x20000014   Section       20  stm32f10x_rcc.o(.data)
    APBAHBPrescTable                         0x20000014   Data          16  stm32f10x_rcc.o(.data)
    ADCPrescTable                            0x20000024   Data           4  stm32f10x_rcc.o(.data)
    .data                                    0x20000028   Section        8  main.o(.data)
    .data                                    0x20000030   Section        2  stm32f10x_it.o(.data)
    .data                                    0x20000032   Section       11  logicrun.o(.data)
    .data                                    0x20000040   Section       16  button_read.o(.data)
    keyirqvalue                              0x2000004c   Data           1  button_read.o(.data)
    BgOpenFig                                0x2000004d   Data           1  button_read.o(.data)
    KeyCountTime                             0x2000004e   Data           1  button_read.o(.data)
    KeyTimems                                0x2000004f   Data           1  button_read.o(.data)
    .data                                    0x20000050   Section       57  rc522.o(.data)
    .data                                    0x20000089   Section        1  stm32_uart3.o(.data)
    .data                                    0x2000008c   Section      200  esp8266.o(.data)
    .data                                    0x20000154   Section        4  rand.o(.data)
    _rand_state                              0x20000154   Data           4  rand.o(.data)
    .data                                    0x20000158   Section        4  stdout.o(.data)
    .bss                                     0x2000015c   Section      140  main.o(.bss)
    .bss                                     0x200001e8   Section      148  button_read.o(.bss)
    .bss                                     0x2000027c   Section     1032  stm32_uart3.o(.bss)
    U3_RE_buf                                0x20000298   Data         802  stm32_uart3.o(.bss)
    U3_TE_buf                                0x200005ba   Data         202  stm32_uart3.o(.bss)
    .bss                                     0x20000684   Section     1132  stm32_uart2.o(.bss)
    U2_RE_buf                                0x200006a0   Data        1002  stm32_uart2.o(.bss)
    U2_TE_buf                                0x20000a8a   Data         102  stm32_uart2.o(.bss)
    .bss                                     0x20000af0   Section     2032  stm32_uart1.o(.bss)
    U1_RE_buf                                0x20000b0c   Data        1002  stm32_uart1.o(.bss)
    U1_TE_buf                                0x20000ef6   Data        1002  stm32_uart1.o(.bss)
    STACK                                    0x200012e0   Section     8192  startup_stm32f10x_md.o(STACK)

    Global Symbols

    Symbol Name                              Value     Ov Type        Size  Object(Section)

    BuildAttributes$$THM_ISAv4$P$D$K$B$S$PE$A:L22UL41UL21$X:L11$S22US41US21$IEEE1$IW$USESV6$~STKCKD$USESV7$~SHL$OSPACE$ROPI$EBA8$MICROLIB$REQ8$PRES8$EABIv2 0x00000000   Number         0  anon$$obj.o ABSOLUTE
    __ARM_use_no_argv                        0x00000000   Number         0  main.o ABSOLUTE
    _printf_a                                0x00000000   Number         0  stubs.o ABSOLUTE
    _printf_c                                0x00000000   Number         0  stubs.o ABSOLUTE
    _printf_charcount                        0x00000000   Number         0  stubs.o ABSOLUTE
    _printf_d                                0x00000000   Number         0  stubs.o ABSOLUTE
    _printf_e                                0x00000000   Number         0  stubs.o ABSOLUTE
    _printf_f                                0x00000000   Number         0  stubs.o ABSOLUTE
    _printf_flags                            0x00000000   Number         0  stubs.o ABSOLUTE
    _printf_fp_dec                           0x00000000   Number         0  stubs.o ABSOLUTE
    _printf_fp_hex                           0x00000000   Number         0  stubs.o ABSOLUTE
    _printf_g                                0x00000000   Number         0  stubs.o ABSOLUTE
    _printf_i                                0x00000000   Number         0  stubs.o ABSOLUTE
    _printf_int_dec                          0x00000000   Number         0  stubs.o ABSOLUTE
    _printf_l                                0x00000000   Number         0  stubs.o ABSOLUTE
    _printf_lc                               0x00000000   Number         0  stubs.o ABSOLUTE
    _printf_ll                               0x00000000   Number         0  stubs.o ABSOLUTE
    _printf_lld                              0x00000000   Number         0  stubs.o ABSOLUTE
    _printf_lli                              0x00000000   Number         0  stubs.o ABSOLUTE
    _printf_llo                              0x00000000   Number         0  stubs.o ABSOLUTE
    _printf_llu                              0x00000000   Number         0  stubs.o ABSOLUTE
    _printf_llx                              0x00000000   Number         0  stubs.o ABSOLUTE
    _printf_longlong_dec                     0x00000000   Number         0  stubs.o ABSOLUTE
    _printf_longlong_hex                     0x00000000   Number         0  stubs.o ABSOLUTE
    _printf_longlong_oct                     0x00000000   Number         0  stubs.o ABSOLUTE
    _printf_ls                               0x00000000   Number         0  stubs.o ABSOLUTE
    _printf_mbtowc                           0x00000000   Number         0  stubs.o ABSOLUTE
    _printf_n                                0x00000000   Number         0  stubs.o ABSOLUTE
    _printf_o                                0x00000000   Number         0  stubs.o ABSOLUTE
    _printf_p                                0x00000000   Number         0  stubs.o ABSOLUTE
    _printf_percent                          0x00000000   Number         0  stubs.o ABSOLUTE
    _printf_pre_padding                      0x00000000   Number         0  stubs.o ABSOLUTE
    _printf_return_value                     0x00000000   Number         0  stubs.o ABSOLUTE
    _printf_s                                0x00000000   Number         0  stubs.o ABSOLUTE
    _printf_sizespec                         0x00000000   Number         0  stubs.o ABSOLUTE
    _printf_str                              0x00000000   Number         0  stubs.o ABSOLUTE
    _printf_truncate_signed                  0x00000000   Number         0  stubs.o ABSOLUTE
    _printf_truncate_unsigned                0x00000000   Number         0  stubs.o ABSOLUTE
    _printf_u                                0x00000000   Number         0  stubs.o ABSOLUTE
    _printf_wc                               0x00000000   Number         0  stubs.o ABSOLUTE
    _printf_wctomb                           0x00000000   Number         0  stubs.o ABSOLUTE
    _printf_widthprec                        0x00000000   Number         0  stubs.o ABSOLUTE
    _printf_x                                0x00000000   Number         0  stubs.o ABSOLUTE
    __cpp_initialize__aeabi_                  - Undefined Weak Reference
    __cxa_finalize                            - Undefined Weak Reference
    _clock_init                               - Undefined Weak Reference
    _microlib_exit                            - Undefined Weak Reference
    __Vectors_Size                           0x000000ec   Number         0  startup_stm32f10x_md.o ABSOLUTE
    __Vectors                                0x08000000   Data           4  startup_stm32f10x_md.o(RESET)
    __Vectors_End                            0x080000ec   Data           0  startup_stm32f10x_md.o(RESET)
    __main                                   0x080000ed   Thumb Code     0  entry.o(.ARM.Collect$$$$00000000)
    _main_stk                                0x080000ed   Thumb Code     0  entry2.o(.ARM.Collect$$$$00000001)
    _main_scatterload                        0x080000f1   Thumb Code     0  entry5.o(.ARM.Collect$$$$00000004)
    __main_after_scatterload                 0x080000f5   Thumb Code     0  entry5.o(.ARM.Collect$$$$00000004)
    _main_clock                              0x080000f5   Thumb Code     0  entry7b.o(.ARM.Collect$$$$00000008)
    _main_cpp_init                           0x080000f5   Thumb Code     0  entry8b.o(.ARM.Collect$$$$0000000A)
    _main_init                               0x080000f5   Thumb Code     0  entry9a.o(.ARM.Collect$$$$0000000B)
    __rt_final_cpp                           0x080000fd   Thumb Code     0  entry10a.o(.ARM.Collect$$$$0000000D)
    __rt_final_exit                          0x080000fd   Thumb Code     0  entry11a.o(.ARM.Collect$$$$0000000F)
    Reset_Handler                            0x08000101   Thumb Code     8  startup_stm32f10x_md.o(.text)
    CAN1_RX1_IRQHandler                      0x0800011b   Thumb Code     0  startup_stm32f10x_md.o(.text)
    CAN1_SCE_IRQHandler                      0x0800011b   Thumb Code     0  startup_stm32f10x_md.o(.text)
    DMA1_Channel1_IRQHandler                 0x0800011b   Thumb Code     0  startup_stm32f10x_md.o(.text)
    DMA1_Channel2_IRQHandler                 0x0800011b   Thumb Code     0  startup_stm32f10x_md.o(.text)
    DMA1_Channel3_IRQHandler                 0x0800011b   Thumb Code     0  startup_stm32f10x_md.o(.text)
    DMA1_Channel4_IRQHandler                 0x0800011b   Thumb Code     0  startup_stm32f10x_md.o(.text)
    DMA1_Channel5_IRQHandler                 0x0800011b   Thumb Code     0  startup_stm32f10x_md.o(.text)
    DMA1_Channel6_IRQHandler                 0x0800011b   Thumb Code     0  startup_stm32f10x_md.o(.text)
    DMA1_Channel7_IRQHandler                 0x0800011b   Thumb Code     0  startup_stm32f10x_md.o(.text)
    EXTI0_IRQHandler                         0x0800011b   Thumb Code     0  startup_stm32f10x_md.o(.text)
    EXTI15_10_IRQHandler                     0x0800011b   Thumb Code     0  startup_stm32f10x_md.o(.text)
    EXTI1_IRQHandler                         0x0800011b   Thumb Code     0  startup_stm32f10x_md.o(.text)
    EXTI2_IRQHandler                         0x0800011b   Thumb Code     0  startup_stm32f10x_md.o(.text)
    EXTI3_IRQHandler                         0x0800011b   Thumb Code     0  startup_stm32f10x_md.o(.text)
    EXTI4_IRQHandler                         0x0800011b   Thumb Code     0  startup_stm32f10x_md.o(.text)
    EXTI9_5_IRQHandler                       0x0800011b   Thumb Code     0  startup_stm32f10x_md.o(.text)
    FLASH_IRQHandler                         0x0800011b   Thumb Code     0  startup_stm32f10x_md.o(.text)
    I2C1_ER_IRQHandler                       0x0800011b   Thumb Code     0  startup_stm32f10x_md.o(.text)
    I2C1_EV_IRQHandler                       0x0800011b   Thumb Code     0  startup_stm32f10x_md.o(.text)
    I2C2_ER_IRQHandler                       0x0800011b   Thumb Code     0  startup_stm32f10x_md.o(.text)
    I2C2_EV_IRQHandler                       0x0800011b   Thumb Code     0  startup_stm32f10x_md.o(.text)
    PVD_IRQHandler                           0x0800011b   Thumb Code     0  startup_stm32f10x_md.o(.text)
    RCC_IRQHandler                           0x0800011b   Thumb Code     0  startup_stm32f10x_md.o(.text)
    RTCAlarm_IRQHandler                      0x0800011b   Thumb Code     0  startup_stm32f10x_md.o(.text)
    RTC_IRQHandler                           0x0800011b   Thumb Code     0  startup_stm32f10x_md.o(.text)
    SPI1_IRQHandler                          0x0800011b   Thumb Code     0  startup_stm32f10x_md.o(.text)
    SPI2_IRQHandler                          0x0800011b   Thumb Code     0  startup_stm32f10x_md.o(.text)
    TAMPER_IRQHandler                        0x0800011b   Thumb Code     0  startup_stm32f10x_md.o(.text)
    TIM1_BRK_IRQHandler                      0x0800011b   Thumb Code     0  startup_stm32f10x_md.o(.text)
    TIM1_CC_IRQHandler                       0x0800011b   Thumb Code     0  startup_stm32f10x_md.o(.text)
    TIM1_TRG_COM_IRQHandler                  0x0800011b   Thumb Code     0  startup_stm32f10x_md.o(.text)
    TIM1_UP_IRQHandler                       0x0800011b   Thumb Code     0  startup_stm32f10x_md.o(.text)
    TIM2_IRQHandler                          0x0800011b   Thumb Code     0  startup_stm32f10x_md.o(.text)
    TIM3_IRQHandler                          0x0800011b   Thumb Code     0  startup_stm32f10x_md.o(.text)
    TIM4_IRQHandler                          0x0800011b   Thumb Code     0  startup_stm32f10x_md.o(.text)
    USBWakeUp_IRQHandler                     0x0800011b   Thumb Code     0  startup_stm32f10x_md.o(.text)
    USB_HP_CAN1_TX_IRQHandler                0x0800011b   Thumb Code     0  startup_stm32f10x_md.o(.text)
    USB_LP_CAN1_RX0_IRQHandler               0x0800011b   Thumb Code     0  startup_stm32f10x_md.o(.text)
    WWDG_IRQHandler                          0x0800011b   Thumb Code     0  startup_stm32f10x_md.o(.text)
    rand                                     0x08000125   Thumb Code    20  rand.o(.text)
    srand                                    0x08000139   Thumb Code     6  rand.o(.text)
    __aeabi_memset                           0x08000149   Thumb Code    14  memseta.o(.text)
    __aeabi_memset4                          0x08000149   Thumb Code     0  memseta.o(.text)
    __aeabi_memset8                          0x08000149   Thumb Code     0  memseta.o(.text)
    __aeabi_memclr                           0x08000157   Thumb Code     4  memseta.o(.text)
    __aeabi_memclr4                          0x08000157   Thumb Code     0  memseta.o(.text)
    __aeabi_memclr8                          0x08000157   Thumb Code     0  memseta.o(.text)
    _memset$wrapper                          0x0800015b   Thumb Code    18  memseta.o(.text)
    strstr                                   0x0800016d   Thumb Code    36  strstr.o(.text)
    strlen                                   0x08000191   Thumb Code    14  strlen.o(.text)
    __aeabi_uldivmod                         0x0800019f   Thumb Code    98  uldiv.o(.text)
    __scatterload                            0x08000201   Thumb Code    28  init.o(.text)
    __scatterload_rt2                        0x08000201   Thumb Code     0  init.o(.text)
    __aeabi_llsl                             0x08000225   Thumb Code    30  llshl.o(.text)
    _ll_shift_l                              0x08000225   Thumb Code     0  llshl.o(.text)
    __aeabi_llsr                             0x08000243   Thumb Code    32  llushr.o(.text)
    _ll_ushift_r                             0x08000243   Thumb Code     0  llushr.o(.text)
    __decompress                             0x08000263   Thumb Code     0  __dczerorl2.o(.text)
    __decompress1                            0x08000263   Thumb Code    86  __dczerorl2.o(.text)
    ADC1_2_IRQHandler                        0x080002b9   Thumb Code    14  stm32f10x_it.o(i.ADC1_2_IRQHandler)
    ADC_GetConversionValue                   0x080002d1   Thumb Code     8  stm32f10x_adc.o(i.ADC_GetConversionValue)
    BusFault_Handler                         0x080002d9   Thumb Code     4  stm32f10x_it.o(i.BusFault_Handler)
    Button_Read_Task                         0x080002dd   Thumb Code    82  button_read.o(i.Button_Read_Task)
    CalulateCRC                              0x08000341   Thumb Code   108  rc522.o(i.CalulateCRC)
    ClearBitMask                             0x080003ad   Thumb Code    28  rc522.o(i.ClearBitMask)
    Control_Delay_Task                       0x080003c9   Thumb Code   170  esp8266.o(i.Control_Delay_Task)
    DMA_Init                                 0x0800048d   Thumb Code    60  stm32f10x_dma.o(i.DMA_Init)
    DebugMon_Handler                         0x080004c9   Thumb Code     2  stm32f10x_it.o(i.DebugMon_Handler)
    GPIO_Init                                0x080004cb   Thumb Code   278  stm32f10x_gpio.o(i.GPIO_Init)
    HardFault_Handler                        0x080005e1   Thumb Code     4  stm32f10x_it.o(i.HardFault_Handler)
    InitRc522                                0x080005e5   Thumb Code    36  rc522.o(i.InitRc522)
    KeyRecognition                           0x08000609   Thumb Code   236  button_read.o(i.KeyRecognition)
    KeyTimeClear                             0x080006fd   Thumb Code    24  button_read.o(i.KeyTimeClear)
    LogicCheck_Task                          0x08000719   Thumb Code    72  logicrun.o(i.LogicCheck_Task)
    LogicRunNormal_Task                      0x0800076d   Thumb Code    76  logicrun.o(i.LogicRunNormal_Task)
    LogicRun_Set                             0x080007c5   Thumb Code    12  logicrun.o(i.LogicRun_Set)
    LogicRun_Task                            0x080007d5   Thumb Code    42  logicrun.o(i.LogicRun_Task)
    M500PcdConfigISOType                     0x08000809   Thumb Code    94  rc522.o(i.M500PcdConfigISOType)
    MemManage_Handler                        0x08000867   Thumb Code     4  stm32f10x_it.o(i.MemManage_Handler)
    NMI_Handler                              0x0800086b   Thumb Code     2  stm32f10x_it.o(i.NMI_Handler)
    NVIC_Init                                0x0800086d   Thumb Code   100  misc.o(i.NVIC_Init)
    NVIC_PriorityGroupConfig                 0x080008dd   Thumb Code    10  misc.o(i.NVIC_PriorityGroupConfig)
    PcdAntennaOff                            0x080008f1   Thumb Code    12  rc522.o(i.PcdAntennaOff)
    PcdAntennaOn                             0x080008fd   Thumb Code    26  rc522.o(i.PcdAntennaOn)
    PcdAnticoll                              0x08000917   Thumb Code   112  rc522.o(i.PcdAnticoll)
    PcdComMF522                              0x08000987   Thumb Code   324  rc522.o(i.PcdComMF522)
    PcdRequest                               0x08000acb   Thumb Code    92  rc522.o(i.PcdRequest)
    PcdReset                                 0x08000b29   Thumb Code   114  rc522.o(i.PcdReset)
    PcdSelect                                0x08000ba5   Thumb Code   116  rc522.o(i.PcdSelect)
    PendSV_Handler                           0x08000c19   Thumb Code     2  stm32f10x_it.o(i.PendSV_Handler)
    RC522_Handel                             0x08000c1d   Thumb Code   116  rc522.o(i.RC522_Handel)
    RCC_AHBPeriphClockCmd                    0x08000cc5   Thumb Code    26  stm32f10x_rcc.o(i.RCC_AHBPeriphClockCmd)
    RCC_APB1PeriphClockCmd                   0x08000ce5   Thumb Code    26  stm32f10x_rcc.o(i.RCC_APB1PeriphClockCmd)
    RCC_APB2PeriphClockCmd                   0x08000d05   Thumb Code    26  stm32f10x_rcc.o(i.RCC_APB2PeriphClockCmd)
    RCC_GetClocksFreq                        0x08000d25   Thumb Code   192  stm32f10x_rcc.o(i.RCC_GetClocksFreq)
    Rc522_Task                               0x08000df9   Thumb Code    24  rc522.o(i.Rc522_Task)
    ReadRawRC                                0x08000e15   Thumb Code    52  rc522.o(i.ReadRawRC)
    Reset_RC522                              0x08000e55   Thumb Code    22  rc522.o(i.Reset_RC522)
    SPI1_Exchange_Byte                       0x08000e6d   Thumb Code    64  rc522.o(i.SPI1_Exchange_Byte)
    SPI2_Init                                0x08000eb5   Thumb Code    96  rc522.o(i.SPI2_Init)
    SPIWriteByte                             0x08000f1d   Thumb Code    12  rc522.o(i.SPIWriteByte)
    STA_CLOSED_Task                          0x08000f29   Thumb Code    20  esp8266.o(i.STA_CLOSED_Task)
    STM32_U1_OPEN                            0x08000f41   Thumb Code   270  stm32_uart1.o(i.STM32_U1_OPEN)
    STM32_U1_Write                           0x08001069   Thumb Code   116  stm32_uart1.o(i.STM32_U1_Write)
    STM32_U2_OPEN                            0x080010ed   Thumb Code   198  stm32_uart2.o(i.STM32_U2_OPEN)
    STM32_U2_Read                            0x080011cd   Thumb Code    18  stm32_uart2.o(i.STM32_U2_Read)
    STM32_U2_Write                           0x080011e5   Thumb Code   126  stm32_uart2.o(i.STM32_U2_Write)
    SVC_Handler                              0x08001315   Thumb Code     2  stm32f10x_it.o(i.SVC_Handler)
    Send_data_task                           0x08001319   Thumb Code    70  esp8266.o(i.Send_data_task)
    SetBitMask                               0x0800137d   Thumb Code    28  rc522.o(i.SetBitMask)
    SysTick_Handler                          0x08001481   Thumb Code    36  main.o(i.SysTick_Handler)
    SystemInit                               0x080014ad   Thumb Code    78  system_stm32f10x.o(i.SystemInit)
    System_Init                              0x0800150d   Thumb Code   168  main.o(i.System_Init)
    USART1_IRQHandler                        0x080015d1   Thumb Code    46  stm32_uart1.o(i.USART1_IRQHandler)
    USART2_IRQHandler                        0x08001609   Thumb Code    90  stm32_uart2.o(i.USART2_IRQHandler)
    USART3_IRQHandler                        0x08001675   Thumb Code    90  stm32_uart3.o(i.USART3_IRQHandler)
    USART_ClearITPendingBit                  0x080016dd   Thumb Code    30  stm32f10x_usart.o(i.USART_ClearITPendingBit)
    USART_Cmd                                0x080016fb   Thumb Code    24  stm32f10x_usart.o(i.USART_Cmd)
    USART_GetITStatus                        0x08001713   Thumb Code    84  stm32f10x_usart.o(i.USART_GetITStatus)
    USART_ITConfig                           0x08001767   Thumb Code    74  stm32f10x_usart.o(i.USART_ITConfig)
    USART_Init                               0x080017b1   Thumb Code   210  stm32f10x_usart.o(i.USART_Init)
    UsageFault_Handler                       0x08001889   Thumb Code     4  stm32f10x_it.o(i.UsageFault_Handler)
    WriteRawRC                               0x0800188d   Thumb Code    40  rc522.o(i.WriteRawRC)
    YHMemoryCopy                             0x080018bd   Thumb Code    20  yh_clibrary.o(i.YHMemoryCopy)
    YH_Queue8_Creat                          0x080018d1   Thumb Code    22  yh_queue.o(i.YH_Queue8_Creat)
    YH_Queue8_In                             0x080018e7   Thumb Code    48  yh_queue.o(i.YH_Queue8_In)
    YH_Queue8_Out                            0x08001917   Thumb Code    48  yh_queue.o(i.YH_Queue8_Out)
    __0printf$8                              0x08001949   Thumb Code    22  printf8.o(i.__0printf$8)
    __1printf$8                              0x08001949   Thumb Code     0  printf8.o(i.__0printf$8)
    __2printf                                0x08001949   Thumb Code     0  printf8.o(i.__0printf$8)
    __0sprintf$8                             0x08001969   Thumb Code    34  printf8.o(i.__0sprintf$8)
    __1sprintf$8                             0x08001969   Thumb Code     0  printf8.o(i.__0sprintf$8)
    __2sprintf                               0x08001969   Thumb Code     0  printf8.o(i.__0sprintf$8)
    __scatterload_copy                       0x08001991   Thumb Code    14  handlers.o(i.__scatterload_copy)
    __scatterload_null                       0x0800199f   Thumb Code     2  handlers.o(i.__scatterload_null)
    __scatterload_zeroinit                   0x080019a1   Thumb Code    14  handlers.o(i.__scatterload_zeroinit)
    delay_ms                                 0x08001e1d   Thumb Code    20  stm32_delay.o(i.delay_ms)
    delay_ns                                 0x08001e31   Thumb Code    18  rc522.o(i.delay_ns)
    delay_us                                 0x08001e43   Thumb Code   156  stm32_delay.o(i.delay_us)
    esp8266_init                             0x08001ee1   Thumb Code    98  esp8266.o(i.esp8266_init)
    fputc                                    0x08001f55   Thumb Code    22  main.o(i.fputc)
    main                                     0x08001f6d   Thumb Code    42  main.o(i.main)
    KeyList                                  0x08001f9c   Data           6  button_read.o(.constdata)
    Region$$Table$$Base                      0x08001fa4   Number         0  anon$$obj.o(Region$$Table)
    Region$$Table$$Limit                     0x08001fc4   Number         0  anon$$obj.o(Region$$Table)
    SystemCoreClock                          0x20000000   Data           4  system_stm32f10x.o(.data)
    AHBPrescTable                            0x20000004   Data          16  system_stm32f10x.o(.data)
    MyAddr                                   0x20000028   Data           1  main.o(.data)
    Systick                                  0x2000002c   Data           4  main.o(.data)
    ADC2ConvertedValue                       0x20000030   Data           2  stm32f10x_it.o(.data)
    LogicRun                                 0x20000032   Data           2  logicrun.o(.data)
    Alarm_Storge                             0x20000034   Data           8  logicrun.o(.data)
    Length                                   0x2000003c   Data           1  logicrun.o(.data)
    ButtonIRQFig                             0x20000040   Data           1  button_read.o(.data)
    KeySetio_List                            0x20000044   Data           8  button_read.o(.data)
    get_id                                   0x20000050   Data           1  rc522.o(.data)
    CT                                       0x20000051   Data           2  rc522.o(.data)
    SN                                       0x20000053   Data           4  rc522.o(.data)
    lxl_bit                                  0x20000057   Data           1  rc522.o(.data)
    card1_bit                                0x20000058   Data           1  rc522.o(.data)
    card2_bit                                0x20000059   Data           1  rc522.o(.data)
    card3_bit                                0x2000005a   Data           1  rc522.o(.data)
    card4_bit                                0x2000005b   Data           1  rc522.o(.data)
    total                                    0x2000005c   Data           1  rc522.o(.data)
    lxl                                      0x2000005d   Data           4  rc522.o(.data)
    card_1                                   0x20000061   Data           4  rc522.o(.data)
    card_2                                   0x20000065   Data           4  rc522.o(.data)
    card_3                                   0x20000069   Data           4  rc522.o(.data)
    card_4                                   0x2000006d   Data           4  rc522.o(.data)
    KEY                                      0x20000071   Data           6  rc522.o(.data)
    RFID1                                    0x20000077   Data          16  rc522.o(.data)
    status                                   0x20000087   Data           1  rc522.o(.data)
    s                                        0x20000088   Data           1  rc522.o(.data)
    Usart3RevBusyFig                         0x20000089   Data           1  stm32_uart3.o(.data)
    Get_fig_Success                          0x2000008c   Data           1  esp8266.o(.data)
    Get_Length                               0x20000090   Data           4  esp8266.o(.data)
    Mac_Address_ben                          0x20000094   Data           6  esp8266.o(.data)
    AT_RST                                   0x2000009a   Data           9  esp8266.o(.data)
    AT_Mode                                  0x200000a3   Data          14  esp8266.o(.data)
    AT_SSID                                  0x200000b1   Data          34  esp8266.o(.data)
    AT_CIPCOM                                0x200000d3   Data          39  esp8266.o(.data)
    AT_Send_Data                             0x200000fa   Data          16  esp8266.o(.data)
    cmd_table                                0x2000010c   Data          72  esp8266.o(.data)
    __stdout                                 0x20000158   Data           4  stdout.o(.data)
    Sys_Sig1ms                               0x2000015c   Data          40  main.o(.bss)
    DataTemp                                 0x20000184   Data         100  main.o(.bss)
    KeyValue                                 0x200001e8   Data         100  button_read.o(.bss)
    KeyTime                                  0x2000024c   Data          48  button_read.o(.bss)
    STM32_UART3                              0x2000027c   Data          28  stm32_uart3.o(.bss)
    STM32_UART2                              0x20000684   Data          28  stm32_uart2.o(.bss)
    STM32_UART1                              0x20000af0   Data          28  stm32_uart1.o(.bss)
    __initial_sp                             0x200032e0   Data           0  startup_stm32f10x_md.o(STACK)



==============================================================================

Memory Map of the image

  Image Entry point : 0x080000ed

  Load Region LR_IROM1 (Base: 0x08000000, Size: 0x00002120, Max: 0x0000d000, ABSOLUTE, COMPRESSED[0x00002080])

    Execution Region ER_IROM1 (Exec base: 0x08000000, Load base: 0x08000000, Size: 0x00001fc4, Max: 0x0000d000, ABSOLUTE)

    Exec Addr    Load Addr    Size         Type   Attr      Idx    E Section Name        Object

    0x08000000   0x08000000   0x000000ec   Data   RO            3    RESET               startup_stm32f10x_md.o
    0x080000ec   0x080000ec   0x00000000   Code   RO         4051  * .ARM.Collect$$$$00000000  mc_w.l(entry.o)
    0x080000ec   0x080000ec   0x00000004   Code   RO         4324    .ARM.Collect$$$$00000001  mc_w.l(entry2.o)
    0x080000f0   0x080000f0   0x00000004   Code   RO         4327    .ARM.Collect$$$$00000004  mc_w.l(entry5.o)
    0x080000f4   0x080000f4   0x00000000   Code   RO         4329    .ARM.Collect$$$$00000008  mc_w.l(entry7b.o)
    0x080000f4   0x080000f4   0x00000000   Code   RO         4331    .ARM.Collect$$$$0000000A  mc_w.l(entry8b.o)
    0x080000f4   0x080000f4   0x00000008   Code   RO         4332    .ARM.Collect$$$$0000000B  mc_w.l(entry9a.o)
    0x080000fc   0x080000fc   0x00000000   Code   RO         4334    .ARM.Collect$$$$0000000D  mc_w.l(entry10a.o)
    0x080000fc   0x080000fc   0x00000000   Code   RO         4336    .ARM.Collect$$$$0000000F  mc_w.l(entry11a.o)
    0x080000fc   0x080000fc   0x00000004   Code   RO         4325    .ARM.Collect$$$$00002712  mc_w.l(entry2.o)
    0x08000100   0x08000100   0x00000024   Code   RO            4    .text               startup_stm32f10x_md.o
    0x08000124   0x08000124   0x00000024   Code   RO         4054    .text               mc_w.l(rand.o)
    0x08000148   0x08000148   0x00000024   Code   RO         4057    .text               mc_w.l(memseta.o)
    0x0800016c   0x0800016c   0x00000024   Code   RO         4059    .text               mc_w.l(strstr.o)
    0x08000190   0x08000190   0x0000000e   Code   RO         4061    .text               mc_w.l(strlen.o)
    0x0800019e   0x0800019e   0x00000062   Code   RO         4341    .text               mc_w.l(uldiv.o)
    0x08000200   0x08000200   0x00000024   Code   RO         4354    .text               mc_w.l(init.o)
    0x08000224   0x08000224   0x0000001e   Code   RO         4356    .text               mc_w.l(llshl.o)
    0x08000242   0x08000242   0x00000020   Code   RO         4358    .text               mc_w.l(llushr.o)
    0x08000262   0x08000262   0x00000056   Code   RO         4372    .text               mc_w.l(__dczerorl2.o)
    0x080002b8   0x080002b8   0x00000018   Code   RO         3229    i.ADC1_2_IRQHandler  stm32f10x_it.o
    0x080002d0   0x080002d0   0x00000008   Code   RO          211    i.ADC_GetConversionValue  stm32f10x_adc.o
    0x080002d8   0x080002d8   0x00000004   Code   RO         3230    i.BusFault_Handler  stm32f10x_it.o
    0x080002dc   0x080002dc   0x00000064   Code   RO         3447    i.Button_Read_Task  button_read.o
    0x08000340   0x08000340   0x0000006c   Code   RO         3484    i.CalulateCRC       rc522.o
    0x080003ac   0x080003ac   0x0000001c   Code   RO         3485    i.ClearBitMask      rc522.o
    0x080003c8   0x080003c8   0x000000c4   Code   RO         3991    i.Control_Delay_Task  esp8266.o
    0x0800048c   0x0800048c   0x0000003c   Code   RO          893    i.DMA_Init          stm32f10x_dma.o
    0x080004c8   0x080004c8   0x00000002   Code   RO         3231    i.DebugMon_Handler  stm32f10x_it.o
    0x080004ca   0x080004ca   0x00000116   Code   RO         1311    i.GPIO_Init         stm32f10x_gpio.o
    0x080005e0   0x080005e0   0x00000004   Code   RO         3232    i.HardFault_Handler  stm32f10x_it.o
    0x080005e4   0x080005e4   0x00000024   Code   RO         3486    i.InitRc522         rc522.o
    0x08000608   0x08000608   0x000000f4   Code   RO         3448    i.KeyRecognition    button_read.o
    0x080006fc   0x080006fc   0x0000001c   Code   RO         3449    i.KeyTimeClear      button_read.o
    0x08000718   0x08000718   0x00000054   Code   RO         3406    i.LogicCheck_Task   logicrun.o
    0x0800076c   0x0800076c   0x00000058   Code   RO         3407    i.LogicRunNormal_Task  logicrun.o
    0x080007c4   0x080007c4   0x00000010   Code   RO         3408    i.LogicRun_Set      logicrun.o
    0x080007d4   0x080007d4   0x00000034   Code   RO         3409    i.LogicRun_Task     logicrun.o
    0x08000808   0x08000808   0x0000005e   Code   RO         3487    i.M500PcdConfigISOType  rc522.o
    0x08000866   0x08000866   0x00000004   Code   RO         3233    i.MemManage_Handler  stm32f10x_it.o
    0x0800086a   0x0800086a   0x00000002   Code   RO         3234    i.NMI_Handler       stm32f10x_it.o
    0x0800086c   0x0800086c   0x00000070   Code   RO          137    i.NVIC_Init         misc.o
    0x080008dc   0x080008dc   0x00000014   Code   RO          138    i.NVIC_PriorityGroupConfig  misc.o
    0x080008f0   0x080008f0   0x0000000c   Code   RO         3488    i.PcdAntennaOff     rc522.o
    0x080008fc   0x080008fc   0x0000001a   Code   RO         3489    i.PcdAntennaOn      rc522.o
    0x08000916   0x08000916   0x00000070   Code   RO         3490    i.PcdAnticoll       rc522.o
    0x08000986   0x08000986   0x00000144   Code   RO         3492    i.PcdComMF522       rc522.o
    0x08000aca   0x08000aca   0x0000005c   Code   RO         3495    i.PcdRequest        rc522.o
    0x08000b26   0x08000b26   0x00000002   PAD
    0x08000b28   0x08000b28   0x0000007c   Code   RO         3496    i.PcdReset          rc522.o
    0x08000ba4   0x08000ba4   0x00000074   Code   RO         3497    i.PcdSelect         rc522.o
    0x08000c18   0x08000c18   0x00000002   Code   RO         3235    i.PendSV_Handler    stm32f10x_it.o
    0x08000c1a   0x08000c1a   0x00000002   PAD
    0x08000c1c   0x08000c1c   0x000000a8   Code   RO         3500    i.RC522_Handel      rc522.o
    0x08000cc4   0x08000cc4   0x00000020   Code   RO         1726    i.RCC_AHBPeriphClockCmd  stm32f10x_rcc.o
    0x08000ce4   0x08000ce4   0x00000020   Code   RO         1727    i.RCC_APB1PeriphClockCmd  stm32f10x_rcc.o
    0x08000d04   0x08000d04   0x00000020   Code   RO         1729    i.RCC_APB2PeriphClockCmd  stm32f10x_rcc.o
    0x08000d24   0x08000d24   0x000000d4   Code   RO         1737    i.RCC_GetClocksFreq  stm32f10x_rcc.o
    0x08000df8   0x08000df8   0x0000001c   Code   RO         3501    i.Rc522_Task        rc522.o
    0x08000e14   0x08000e14   0x00000040   Code   RO         3503    i.ReadRawRC         rc522.o
    0x08000e54   0x08000e54   0x00000016   Code   RO         3504    i.Reset_RC522       rc522.o
    0x08000e6a   0x08000e6a   0x00000002   PAD
    0x08000e6c   0x08000e6c   0x00000048   Code   RO         3505    i.SPI1_Exchange_Byte  rc522.o
    0x08000eb4   0x08000eb4   0x00000068   Code   RO         3506    i.SPI2_Init         rc522.o
    0x08000f1c   0x08000f1c   0x0000000c   Code   RO         3508    i.SPIWriteByte      rc522.o
    0x08000f28   0x08000f28   0x00000018   Code   RO         3992    i.STA_CLOSED_Task   esp8266.o
    0x08000f40   0x08000f40   0x00000128   Code   RO         3915    i.STM32_U1_OPEN     stm32_uart1.o
    0x08001068   0x08001068   0x00000084   Code   RO         3918    i.STM32_U1_Write    stm32_uart1.o
    0x080010ec   0x080010ec   0x000000e0   Code   RO         3837    i.STM32_U2_OPEN     stm32_uart2.o
    0x080011cc   0x080011cc   0x00000018   Code   RO         3838    i.STM32_U2_Read     stm32_uart2.o
    0x080011e4   0x080011e4   0x00000090   Code   RO         3839    i.STM32_U2_Write    stm32_uart2.o
    0x08001274   0x08001274   0x00000050   Code   RO         3919    i.STM32_UART1_DMA_Init  stm32_uart1.o
    0x080012c4   0x080012c4   0x00000050   Code   RO         3840    i.STM32_UART2_DMA_Init  stm32_uart2.o
    0x08001314   0x08001314   0x00000002   Code   RO         3236    i.SVC_Handler       stm32f10x_it.o
    0x08001316   0x08001316   0x00000002   PAD
    0x08001318   0x08001318   0x00000064   Code   RO         3993    i.Send_data_task    esp8266.o
    0x0800137c   0x0800137c   0x0000001c   Code   RO         3509    i.SetBitMask        rc522.o
    0x08001398   0x08001398   0x00000008   Code   RO           24    i.SetSysClock       system_stm32f10x.o
    0x080013a0   0x080013a0   0x000000e0   Code   RO           25    i.SetSysClockTo72   system_stm32f10x.o
    0x08001480   0x08001480   0x0000002c   Code   RO         3128    i.SysTick_Handler   main.o
    0x080014ac   0x080014ac   0x00000060   Code   RO           27    i.SystemInit        system_stm32f10x.o
    0x0800150c   0x0800150c   0x000000c4   Code   RO         3129    i.System_Init       main.o
    0x080015d0   0x080015d0   0x00000038   Code   RO         3920    i.USART1_IRQHandler  stm32_uart1.o
    0x08001608   0x08001608   0x0000006c   Code   RO         3841    i.USART2_IRQHandler  stm32_uart2.o
    0x08001674   0x08001674   0x00000068   Code   RO         3781    i.USART3_IRQHandler  stm32_uart3.o
    0x080016dc   0x080016dc   0x0000001e   Code   RO         2894    i.USART_ClearITPendingBit  stm32f10x_usart.o
    0x080016fa   0x080016fa   0x00000018   Code   RO         2897    i.USART_Cmd         stm32f10x_usart.o
    0x08001712   0x08001712   0x00000054   Code   RO         2901    i.USART_GetITStatus  stm32f10x_usart.o
    0x08001766   0x08001766   0x0000004a   Code   RO         2903    i.USART_ITConfig    stm32f10x_usart.o
    0x080017b0   0x080017b0   0x000000d8   Code   RO         2904    i.USART_Init        stm32f10x_usart.o
    0x08001888   0x08001888   0x00000004   Code   RO         3237    i.UsageFault_Handler  stm32f10x_it.o
    0x0800188c   0x0800188c   0x00000030   Code   RO         3513    i.WriteRawRC        rc522.o
    0x080018bc   0x080018bc   0x00000014   Code   RO         3721    i.YHMemoryCopy      yh_clibrary.o
    0x080018d0   0x080018d0   0x00000016   Code   RO         3749    i.YH_Queue8_Creat   yh_queue.o
    0x080018e6   0x080018e6   0x00000030   Code   RO         3750    i.YH_Queue8_In      yh_queue.o
    0x08001916   0x08001916   0x00000030   Code   RO         3751    i.YH_Queue8_Out     yh_queue.o
    0x08001946   0x08001946   0x00000002   PAD
    0x08001948   0x08001948   0x00000020   Code   RO         4270    i.__0printf$8       mc_w.l(printf8.o)
    0x08001968   0x08001968   0x00000028   Code   RO         4272    i.__0sprintf$8      mc_w.l(printf8.o)
    0x08001990   0x08001990   0x0000000e   Code   RO         4366    i.__scatterload_copy  mc_w.l(handlers.o)
    0x0800199e   0x0800199e   0x00000002   Code   RO         4367    i.__scatterload_null  mc_w.l(handlers.o)
    0x080019a0   0x080019a0   0x0000000e   Code   RO         4368    i.__scatterload_zeroinit  mc_w.l(handlers.o)
    0x080019ae   0x080019ae   0x00000002   PAD
    0x080019b0   0x080019b0   0x00000410   Code   RO         4277    i._printf_core      mc_w.l(printf8.o)
    0x08001dc0   0x08001dc0   0x00000024   Code   RO         4278    i._printf_post_padding  mc_w.l(printf8.o)
    0x08001de4   0x08001de4   0x0000002e   Code   RO         4279    i._printf_pre_padding  mc_w.l(printf8.o)
    0x08001e12   0x08001e12   0x0000000a   Code   RO         4281    i._sputc            mc_w.l(printf8.o)
    0x08001e1c   0x08001e1c   0x00000014   Code   RO         3967    i.delay_ms          stm32_delay.o
    0x08001e30   0x08001e30   0x00000012   Code   RO         3514    i.delay_ns          rc522.o
    0x08001e42   0x08001e42   0x0000009c   Code   RO         3968    i.delay_us          stm32_delay.o
    0x08001ede   0x08001ede   0x00000002   PAD
    0x08001ee0   0x08001ee0   0x00000074   Code   RO         3994    i.esp8266_init      esp8266.o
    0x08001f54   0x08001f54   0x00000016   Code   RO         3130    i.fputc             main.o
    0x08001f6a   0x08001f6a   0x00000002   PAD
    0x08001f6c   0x08001f6c   0x00000030   Code   RO         3131    i.main              main.o
    0x08001f9c   0x08001f9c   0x00000006   Data   RO         3451    .constdata          button_read.o
    0x08001fa2   0x08001fa2   0x00000002   PAD
    0x08001fa4   0x08001fa4   0x00000020   Data   RO         4364    Region$$Table       anon$$obj.o


    Execution Region RW_IRAM1 (Exec base: 0x20000000, Load base: 0x08001fc4, Size: 0x000032e0, Max: 0x00005000, ABSOLUTE, COMPRESSED[0x000000bc])

    Exec Addr    Load Addr    Size         Type   Attr      Idx    E Section Name        Object

    0x20000000   COMPRESSED   0x00000014   Data   RW           28    .data               system_stm32f10x.o
    0x20000014   COMPRESSED   0x00000014   Data   RW         1757    .data               stm32f10x_rcc.o
    0x20000028   COMPRESSED   0x00000008   Data   RW         3133    .data               main.o
    0x20000030   COMPRESSED   0x00000002   Data   RW         3238    .data               stm32f10x_it.o
    0x20000032   COMPRESSED   0x0000000b   Data   RW         3410    .data               logicrun.o
    0x2000003d   COMPRESSED   0x00000003   PAD
    0x20000040   COMPRESSED   0x00000010   Data   RW         3452    .data               button_read.o
    0x20000050   COMPRESSED   0x00000039   Data   RW         3517    .data               rc522.o
    0x20000089   COMPRESSED   0x00000001   Data   RW         3783    .data               stm32_uart3.o
    0x2000008a   COMPRESSED   0x00000002   PAD
    0x2000008c   COMPRESSED   0x000000c8   Data   RW         3996    .data               esp8266.o
    0x20000154   COMPRESSED   0x00000004   Data   RW         4055    .data               mc_w.l(rand.o)
    0x20000158   COMPRESSED   0x00000004   Data   RW         4338    .data               mc_w.l(stdout.o)
    0x2000015c        -       0x0000008c   Zero   RW         3132    .bss                main.o
    0x200001e8        -       0x00000094   Zero   RW         3450    .bss                button_read.o
    0x2000027c        -       0x00000408   Zero   RW         3782    .bss                stm32_uart3.o
    0x20000684        -       0x0000046c   Zero   RW         3842    .bss                stm32_uart2.o
    0x20000af0        -       0x000007f0   Zero   RW         3921    .bss                stm32_uart1.o
    0x200012e0        -       0x00002000   Zero   RW            1    STACK               startup_stm32f10x_md.o


==============================================================================

Image component sizes


      Code (inc. data)   RO Data    RW Data    ZI Data      Debug   Object Name

       372         30          6         16        148       4081   button_read.o
         0          0          0          0          0       4508   core_cm3.o
       436         78          0        200          0       4764   esp8266.o
       240         38          0         11          0       2966   logicrun.o
       310         42          0          8        140      20208   main.o
       132         22          0          0          0     214383   misc.o
      1636        102          0         57          0      13151   rc522.o
        36          8        236          0       8192        924   startup_stm32f10x_md.o
       176          0          0          0          0       1970   stm32_delay.o
       564         64          0          0       2032       3399   stm32_uart1.o
       580         80          0          0       1132       4003   stm32_uart2.o
       104         14          0          1       1032       3011   stm32_uart3.o
         8          0          0          0          0       2697   stm32f10x_adc.o
        60          0          0          0          0       2323   stm32f10x_dma.o
       278          0          0          0          0       2052   stm32f10x_gpio.o
        48         10          0          2          0       4369   stm32f10x_it.o
       308         38          0         20          0       5194   stm32f10x_rcc.o
       428          6          0          0          0       5308   stm32f10x_usart.o
       328         28          0         20          0      35877   system_stm32f10x.o
        20          0          0          0          0       1695   yh_clibrary.o
       118          0          0          0          0       2625   yh_queue.o

    ----------------------------------------------------------------------
      6196        560        276        340      12676     339508   Object Totals
         0          0         32          0          0          0   (incl. Generated)
        14          0          2          5          0          0   (incl. Padding)

    ----------------------------------------------------------------------

      Code (inc. data)   RO Data    RW Data    ZI Data      Debug   Library Member Name

        86          0          0          0          0          0   __dczerorl2.o
         0          0          0          0          0          0   entry.o
         0          0          0          0          0          0   entry10a.o
         0          0          0          0          0          0   entry11a.o
         8          4          0          0          0          0   entry2.o
         4          0          0          0          0          0   entry5.o
         0          0          0          0          0          0   entry7b.o
         0          0          0          0          0          0   entry8b.o
         8          4          0          0          0          0   entry9a.o
        30          0          0          0          0          0   handlers.o
        36          8          0          0          0         68   init.o
        30          0          0          0          0         68   llshl.o
        32          0          0          0          0         68   llushr.o
        36          0          0          0          0        108   memseta.o
      1204         60          0          0          0        504   printf8.o
        36         10          0          4          0        136   rand.o
         0          0          0          4          0          0   stdout.o
        14          0          0          0          0         68   strlen.o
        36          0          0          0          0         80   strstr.o
        98          0          0          0          0         92   uldiv.o

    ----------------------------------------------------------------------
      1660         86          0          8          0       1192   Library Totals
         2          0          0          0          0          0   (incl. Padding)

    ----------------------------------------------------------------------

      Code (inc. data)   RO Data    RW Data    ZI Data      Debug   Library Name

      1658         86          0          8          0       1192   mc_w.l

    ----------------------------------------------------------------------
      1660         86          0          8          0       1192   Library Totals

    ----------------------------------------------------------------------

==============================================================================


      Code (inc. data)   RO Data    RW Data    ZI Data      Debug   

      7856        646        276        348      12676     336512   Grand Totals
      7856        646        276        188      12676     336512   ELF Image Totals (compressed)
      7856        646        276        188          0          0   ROM Totals

==============================================================================

    Total RO  Size (Code + RO Data)                 8132 (   7.94kB)
    Total RW  Size (RW Data + ZI Data)             13024 (  12.72kB)
    Total ROM Size (Code + RO Data + RW Data)       8320 (   8.13kB)

==============================================================================

